[INFO] Scanning for projects...
[INFO] 
[INFO] ---------------------< com.practice:food-ordering >---------------------
[INFO] Building food-ordering 0.0.1-SNAPSHOT
[INFO]   from pom.xml
[INFO] --------------------------------[ jar ]---------------------------------
[INFO] 
[INFO] --- resources:3.3.1:resources (default-resources) @ food-ordering ---
[INFO] Copying 1 resource from src\main\resources to target\classes
[INFO] Copying 1 resource from src\main\resources to target\classes
[INFO] 
[INFO] --- compiler:3.14.1:compile (default-compile) @ food-ordering ---
[INFO] Nothing to compile - all classes are up to date.
[INFO] 
[INFO] --- resources:3.3.1:testResources (default-testResources) @ food-ordering ---
[INFO] skip non existing resourceDirectory C:\Users\dell\practice-project\backend\src\test\resources
[INFO] 
[INFO] --- compiler:3.14.1:testCompile (default-testCompile) @ food-ordering ---
[INFO] Nothing to compile - all classes are up to date.
[INFO] 
[INFO] --- surefire:3.5.4:test (default-test) @ food-ordering ---
[INFO] Using auto detected provider org.apache.maven.surefire.junitplatform.JUnitPlatformProvider
[INFO] 
[INFO] -------------------------------------------------------
[INFO]  T E S T S
[INFO] -------------------------------------------------------
[INFO] Running com.practice.foodordering.FoodOrderingApplicationTests
02:49:32.807 [main] INFO org.springframework.test.context.support.AnnotationConfigContextLoaderUtils -- Could not detect default configuration classes for test class [com.practice.foodordering.FoodOrderingApplicationTests]: FoodOrderingApplicationTests does not declare any static, non-private, non-final, nested classes annotated with @Configuration.
02:49:32.917 [main] INFO org.springframework.boot.test.context.SpringBootTestContextBootstrapper -- Found @SpringBootConfiguration com.practice.foodordering.FoodOrderingApplication for test class com.practice.foodordering.FoodOrderingApplicationTests

  .   ____          _            __ _ _
 /\\ / ___'_ __ _ _(_)_ __  __ _ \ \ \ \
( ( )\___ | '_ | '_| | '_ \/ _` | \ \ \ \
 \\/  ___)| |_)| | | | | || (_| |  ) ) ) )
  '  |____| .__|_| |_|_| |_\__, | / / / /
 =========|_|==============|___/=/_/_/_/

 :: Spring Boot ::                (v4.0.3)

2026-02-24T02:49:33.446+05:30  INFO 5376 --- [food-ordering] [           main] c.p.f.FoodOrderingApplicationTests       : Starting FoodOrderingApplicationTests using Java 21.0.7 with PID 5376 (started by dell in C:\Users\dell\practice-project\backend)
2026-02-24T02:49:33.451+05:30  INFO 5376 --- [food-ordering] [           main] c.p.f.FoodOrderingApplicationTests       : No active profile set, falling back to 1 default profile: "default"
2026-02-24T02:49:35.268+05:30  INFO 5376 --- [food-ordering] [           main] .s.d.r.c.RepositoryConfigurationDelegate : Multiple Spring Data modules found, entering strict repository configuration mode
2026-02-24T02:49:35.272+05:30  INFO 5376 --- [food-ordering] [           main] .s.d.r.c.RepositoryConfigurationDelegate : Bootstrapping Spring Data Reactive Elasticsearch repositories in DEFAULT mode.
2026-02-24T02:49:35.332+05:30  INFO 5376 --- [food-ordering] [           main] .RepositoryConfigurationExtensionSupport : Spring Data Reactive Elasticsearch - Could not safely identify store assignment for repository candidate interface com.practice.foodordering.repository.AddonRepository; If you want this repository to be a Reactive Elasticsearch repository, consider annotating your entities with one of these annotations: org.springframework.data.elasticsearch.annotations.Document (preferred), or consider extending one of the following types with your repository: org.springframework.data.elasticsearch.repository.ReactiveElasticsearchRepository
2026-02-24T02:49:35.334+05:30  INFO 5376 --- [food-ordering] [           main] .RepositoryConfigurationExtensionSupport : Spring Data Reactive Elasticsearch - Could not safely identify store assignment for repository candidate interface com.practice.foodordering.repository.CityRepository; If you want this repository to be a Reactive Elasticsearch repository, consider annotating your entities with one of these annotations: org.springframework.data.elasticsearch.annotations.Document (preferred), or consider extending one of the following types with your repository: org.springframework.data.elasticsearch.repository.ReactiveElasticsearchRepository
2026-02-24T02:49:35.336+05:30  INFO 5376 --- [food-ordering] [           main] .RepositoryConfigurationExtensionSupport : Spring Data Reactive Elasticsearch - Could not safely identify store assignment for repository candidate interface com.practice.foodordering.repository.FoodItemRepository; If you want this repository to be a Reactive Elasticsearch repository, consider annotating your entities with one of these annotations: org.springframework.data.elasticsearch.annotations.Document (preferred), or consider extending one of the following types with your repository: org.springframework.data.elasticsearch.repository.ReactiveElasticsearchRepository
2026-02-24T02:49:35.340+05:30  INFO 5376 --- [food-ordering] [           main] .RepositoryConfigurationExtensionSupport : Spring Data Reactive Elasticsearch - Could not safely identify store assignment for repository candidate interface com.practice.foodordering.repository.OrderItemAddonRepository; If you want this repository to be a Reactive Elasticsearch repository, consider annotating your entities with one of these annotations: org.springframework.data.elasticsearch.annotations.Document (preferred), or consider extending one of the following types with your repository: org.springframework.data.elasticsearch.repository.ReactiveElasticsearchRepository
2026-02-24T02:49:35.342+05:30  INFO 5376 --- [food-ordering] [           main] .RepositoryConfigurationExtensionSupport : Spring Data Reactive Elasticsearch - Could not safely identify store assignment for repository candidate interface com.practice.foodordering.repository.OrderItemRepository; If you want this repository to be a Reactive Elasticsearch repository, consider annotating your entities with one of these annotations: org.springframework.data.elasticsearch.annotations.Document (preferred), or consider extending one of the following types with your repository: org.springframework.data.elasticsearch.repository.ReactiveElasticsearchRepository
2026-02-24T02:49:35.343+05:30  INFO 5376 --- [food-ordering] [           main] .RepositoryConfigurationExtensionSupport : Spring Data Reactive Elasticsearch - Could not safely identify store assignment for repository candidate interface com.practice.foodordering.repository.OrderRepository; If you want this repository to be a Reactive Elasticsearch repository, consider annotating your entities with one of these annotations: org.springframework.data.elasticsearch.annotations.Document (preferred), or consider extending one of the following types with your repository: org.springframework.data.elasticsearch.repository.ReactiveElasticsearchRepository
2026-02-24T02:49:35.346+05:30  INFO 5376 --- [food-ordering] [           main] .RepositoryConfigurationExtensionSupport : Spring Data Reactive Elasticsearch - Could not safely identify store assignment for repository candidate interface com.practice.foodordering.repository.RestaurantRepository; If you want this repository to be a Reactive Elasticsearch repository, consider annotating your entities with one of these annotations: org.springframework.data.elasticsearch.annotations.Document (preferred), or consider extending one of the following types with your repository: org.springframework.data.elasticsearch.repository.ReactiveElasticsearchRepository
2026-02-24T02:49:35.444+05:30  INFO 5376 --- [food-ordering] [           main] .RepositoryConfigurationExtensionSupport : Spring Data Reactive Elasticsearch - Could not safely identify store assignment for repository candidate interface com.practice.foodordering.repository.UserRepository; If you want this repository to be a Reactive Elasticsearch repository, consider annotating your entities with one of these annotations: org.springframework.data.elasticsearch.annotations.Document (preferred), or consider extending one of the following types with your repository: org.springframework.data.elasticsearch.repository.ReactiveElasticsearchRepository
2026-02-24T02:49:35.447+05:30  INFO 5376 --- [food-ordering] [           main] .RepositoryConfigurationExtensionSupport : Spring Data Reactive Elasticsearch - Could not safely identify store assignment for repository candidate interface com.practice.foodordering.repository.VariantRepository; If you want this repository to be a Reactive Elasticsearch repository, consider annotating your entities with one of these annotations: org.springframework.data.elasticsearch.annotations.Document (preferred), or consider extending one of the following types with your repository: org.springframework.data.elasticsearch.repository.ReactiveElasticsearchRepository
2026-02-24T02:49:35.447+05:30  INFO 5376 --- [food-ordering] [           main] .s.d.r.c.RepositoryConfigurationDelegate : Finished Spring Data repository scanning in 160 ms. Found 0 Reactive Elasticsearch repository interfaces.
2026-02-24T02:49:35.454+05:30  INFO 5376 --- [food-ordering] [           main] .s.d.r.c.RepositoryConfigurationDelegate : Multiple Spring Data modules found, entering strict repository configuration mode
2026-02-24T02:49:35.455+05:30  INFO 5376 --- [food-ordering] [           main] .s.d.r.c.RepositoryConfigurationDelegate : Bootstrapping Spring Data Elasticsearch repositories in DEFAULT mode.
2026-02-24T02:49:35.460+05:30  INFO 5376 --- [food-ordering] [           main] .RepositoryConfigurationExtensionSupport : Spring Data Elasticsearch - Could not safely identify store assignment for repository candidate interface com.practice.foodordering.repository.AddonRepository; If you want this repository to be a Elasticsearch repository, consider annotating your entities with one of these annotations: org.springframework.data.elasticsearch.annotations.Document (preferred), or consider extending one of the following types with your repository: org.springframework.data.elasticsearch.repository.ElasticsearchRepository
2026-02-24T02:49:35.461+05:30  INFO 5376 --- [food-ordering] [           main] .RepositoryConfigurationExtensionSupport : Spring Data Elasticsearch - Could not safely identify store assignment for repository candidate interface com.practice.foodordering.repository.CityRepository; If you want this repository to be a Elasticsearch repository, consider annotating your entities with one of these annotations: org.springframework.data.elasticsearch.annotations.Document (preferred), or consider extending one of the following types with your repository: org.springframework.data.elasticsearch.repository.ElasticsearchRepository
2026-02-24T02:49:35.461+05:30  INFO 5376 --- [food-ordering] [           main] .RepositoryConfigurationExtensionSupport : Spring Data Elasticsearch - Could not safely identify store assignment for repository candidate interface com.practice.foodordering.repository.FoodItemRepository; If you want this repository to be a Elasticsearch repository, consider annotating your entities with one of these annotations: org.springframework.data.elasticsearch.annotations.Document (preferred), or consider extending one of the following types with your repository: org.springframework.data.elasticsearch.repository.ElasticsearchRepository
2026-02-24T02:49:35.462+05:30  INFO 5376 --- [food-ordering] [           main] .RepositoryConfigurationExtensionSupport : Spring Data Elasticsearch - Could not safely identify store assignment for repository candidate interface com.practice.foodordering.repository.OrderItemAddonRepository; If you want this repository to be a Elasticsearch repository, consider annotating your entities with one of these annotations: org.springframework.data.elasticsearch.annotations.Document (preferred), or consider extending one of the following types with your repository: org.springframework.data.elasticsearch.repository.ElasticsearchRepository
2026-02-24T02:49:35.462+05:30  INFO 5376 --- [food-ordering] [           main] .RepositoryConfigurationExtensionSupport : Spring Data Elasticsearch - Could not safely identify store assignment for repository candidate interface com.practice.foodordering.repository.OrderItemRepository; If you want this repository to be a Elasticsearch repository, consider annotating your entities with one of these annotations: org.springframework.data.elasticsearch.annotations.Document (preferred), or consider extending one of the following types with your repository: org.springframework.data.elasticsearch.repository.ElasticsearchRepository
2026-02-24T02:49:35.462+05:30  INFO 5376 --- [food-ordering] [           main] .RepositoryConfigurationExtensionSupport : Spring Data Elasticsearch - Could not safely identify store assignment for repository candidate interface com.practice.foodordering.repository.OrderRepository; If you want this repository to be a Elasticsearch repository, consider annotating your entities with one of these annotations: org.springframework.data.elasticsearch.annotations.Document (preferred), or consider extending one of the following types with your repository: org.springframework.data.elasticsearch.repository.ElasticsearchRepository
2026-02-24T02:49:35.462+05:30  INFO 5376 --- [food-ordering] [           main] .RepositoryConfigurationExtensionSupport : Spring Data Elasticsearch - Could not safely identify store assignment for repository candidate interface com.practice.foodordering.repository.RestaurantRepository; If you want this repository to be a Elasticsearch repository, consider annotating your entities with one of these annotations: org.springframework.data.elasticsearch.annotations.Document (preferred), or consider extending one of the following types with your repository: org.springframework.data.elasticsearch.repository.ElasticsearchRepository
2026-02-24T02:49:35.463+05:30  INFO 5376 --- [food-ordering] [           main] .RepositoryConfigurationExtensionSupport : Spring Data Elasticsearch - Could not safely identify store assignment for repository candidate interface com.practice.foodordering.repository.UserRepository; If you want this repository to be a Elasticsearch repository, consider annotating your entities with one of these annotations: org.springframework.data.elasticsearch.annotations.Document (preferred), or consider extending one of the following types with your repository: org.springframework.data.elasticsearch.repository.ElasticsearchRepository
2026-02-24T02:49:35.463+05:30  INFO 5376 --- [food-ordering] [           main] .RepositoryConfigurationExtensionSupport : Spring Data Elasticsearch - Could not safely identify store assignment for repository candidate interface com.practice.foodordering.repository.VariantRepository; If you want this repository to be a Elasticsearch repository, consider annotating your entities with one of these annotations: org.springframework.data.elasticsearch.annotations.Document (preferred), or consider extending one of the following types with your repository: org.springframework.data.elasticsearch.repository.ElasticsearchRepository
2026-02-24T02:49:35.480+05:30  INFO 5376 --- [food-ordering] [           main] .s.d.r.c.RepositoryConfigurationDelegate : Finished Spring Data repository scanning in 23 ms. Found 1 Elasticsearch repository interface.
2026-02-24T02:49:35.538+05:30  INFO 5376 --- [food-ordering] [           main] .s.d.r.c.RepositoryConfigurationDelegate : Multiple Spring Data modules found, entering strict repository configuration mode
2026-02-24T02:49:35.538+05:30  INFO 5376 --- [food-ordering] [           main] .s.d.r.c.RepositoryConfigurationDelegate : Bootstrapping Spring Data JPA repositories in DEFAULT mode.
2026-02-24T02:49:35.566+05:30  INFO 5376 --- [food-ordering] [           main] .RepositoryConfigurationExtensionSupport : Spring Data JPA - Could not safely identify store assignment for repository candidate interface com.practice.foodordering.repository.search.FoodItemSearchRepository; If you want this repository to be a JPA repository, consider annotating your entities with one of these annotations: jakarta.persistence.Entity, jakarta.persistence.MappedSuperclass (preferred), or consider extending one of the following types with your repository: org.springframework.data.jpa.repository.JpaRepository
2026-02-24T02:49:35.586+05:30  INFO 5376 --- [food-ordering] [           main] .s.d.r.c.RepositoryConfigurationDelegate : Finished Spring Data repository scanning in 36 ms. Found 9 JPA repository interfaces.
2026-02-24T02:49:35.666+05:30  INFO 5376 --- [food-ordering] [           main] .s.d.r.c.RepositoryConfigurationDelegate : Multiple Spring Data modules found, entering strict repository configuration mode
2026-02-24T02:49:35.666+05:30  INFO 5376 --- [food-ordering] [           main] .s.d.r.c.RepositoryConfigurationDelegate : Bootstrapping Spring Data Redis repositories in DEFAULT mode.
2026-02-24T02:49:35.680+05:30  INFO 5376 --- [food-ordering] [           main] .RepositoryConfigurationExtensionSupport : Spring Data Redis - Could not safely identify store assignment for repository candidate interface com.practice.foodordering.repository.AddonRepository; If you want this repository to be a Redis repository, consider annotating your entities with one of these annotations: org.springframework.data.redis.core.RedisHash (preferred), or consider extending one of the following types with your repository: org.springframework.data.keyvalue.repository.KeyValueRepository
2026-02-24T02:49:35.681+05:30  INFO 5376 --- [food-ordering] [           main] .RepositoryConfigurationExtensionSupport : Spring Data Redis - Could not safely identify store assignment for repository candidate interface com.practice.foodordering.repository.CityRepository; If you want this repository to be a Redis repository, consider annotating your entities with one of these annotations: org.springframework.data.redis.core.RedisHash (preferred), or consider extending one of the following types with your repository: org.springframework.data.keyvalue.repository.KeyValueRepository
2026-02-24T02:49:35.681+05:30  INFO 5376 --- [food-ordering] [           main] .RepositoryConfigurationExtensionSupport : Spring Data Redis - Could not safely identify store assignment for repository candidate interface com.practice.foodordering.repository.FoodItemRepository; If you want this repository to be a Redis repository, consider annotating your entities with one of these annotations: org.springframework.data.redis.core.RedisHash (preferred), or consider extending one of the following types with your repository: org.springframework.data.keyvalue.repository.KeyValueRepository
2026-02-24T02:49:35.682+05:30  INFO 5376 --- [food-ordering] [           main] .RepositoryConfigurationExtensionSupport : Spring Data Redis - Could not safely identify store assignment for repository candidate interface com.practice.foodordering.repository.OrderItemAddonRepository; If you want this repository to be a Redis repository, consider annotating your entities with one of these annotations: org.springframework.data.redis.core.RedisHash (preferred), or consider extending one of the following types with your repository: org.springframework.data.keyvalue.repository.KeyValueRepository
2026-02-24T02:49:35.682+05:30  INFO 5376 --- [food-ordering] [           main] .RepositoryConfigurationExtensionSupport : Spring Data Redis - Could not safely identify store assignment for repository candidate interface com.practice.foodordering.repository.OrderItemRepository; If you want this repository to be a Redis repository, consider annotating your entities with one of these annotations: org.springframework.data.redis.core.RedisHash (preferred), or consider extending one of the following types with your repository: org.springframework.data.keyvalue.repository.KeyValueRepository
2026-02-24T02:49:35.682+05:30  INFO 5376 --- [food-ordering] [           main] .RepositoryConfigurationExtensionSupport : Spring Data Redis - Could not safely identify store assignment for repository candidate interface com.practice.foodordering.repository.OrderRepository; If you want this repository to be a Redis repository, consider annotating your entities with one of these annotations: org.springframework.data.redis.core.RedisHash (preferred), or consider extending one of the following types with your repository: org.springframework.data.keyvalue.repository.KeyValueRepository
2026-02-24T02:49:35.682+05:30  INFO 5376 --- [food-ordering] [           main] .RepositoryConfigurationExtensionSupport : Spring Data Redis - Could not safely identify store assignment for repository candidate interface com.practice.foodordering.repository.RestaurantRepository; If you want this repository to be a Redis repository, consider annotating your entities with one of these annotations: org.springframework.data.redis.core.RedisHash (preferred), or consider extending one of the following types with your repository: org.springframework.data.keyvalue.repository.KeyValueRepository
2026-02-24T02:49:35.682+05:30  INFO 5376 --- [food-ordering] [           main] .RepositoryConfigurationExtensionSupport : Spring Data Redis - Could not safely identify store assignment for repository candidate interface com.practice.foodordering.repository.search.FoodItemSearchRepository; If you want this repository to be a Redis repository, consider annotating your entities with one of these annotations: org.springframework.data.redis.core.RedisHash (preferred), or consider extending one of the following types with your repository: org.springframework.data.keyvalue.repository.KeyValueRepository
2026-02-24T02:49:35.682+05:30  INFO 5376 --- [food-ordering] [           main] .RepositoryConfigurationExtensionSupport : Spring Data Redis - Could not safely identify store assignment for repository candidate interface com.practice.foodordering.repository.UserRepository; If you want this repository to be a Redis repository, consider annotating your entities with one of these annotations: org.springframework.data.redis.core.RedisHash (preferred), or consider extending one of the following types with your repository: org.springframework.data.keyvalue.repository.KeyValueRepository
2026-02-24T02:49:35.683+05:30  INFO 5376 --- [food-ordering] [           main] .RepositoryConfigurationExtensionSupport : Spring Data Redis - Could not safely identify store assignment for repository candidate interface com.practice.foodordering.repository.VariantRepository; If you want this repository to be a Redis repository, consider annotating your entities with one of these annotations: org.springframework.data.redis.core.RedisHash (preferred), or consider extending one of the following types with your repository: org.springframework.data.keyvalue.repository.KeyValueRepository
2026-02-24T02:49:35.683+05:30  INFO 5376 --- [food-ordering] [           main] .s.d.r.c.RepositoryConfigurationDelegate : Finished Spring Data repository scanning in 8 ms. Found 0 Redis repository interfaces.
2026-02-24T02:49:36.839+05:30  INFO 5376 --- [food-ordering] [           main] com.zaxxer.hikari.HikariDataSource       : HikariPool-1 - Starting...
2026-02-24T02:49:37.222+05:30  INFO 5376 --- [food-ordering] [           main] com.zaxxer.hikari.pool.HikariPool        : HikariPool-1 - Added connection conn0: url=jdbc:h2:mem:food_ordering user=SA
2026-02-24T02:49:37.230+05:30  INFO 5376 --- [food-ordering] [           main] com.zaxxer.hikari.HikariDataSource       : HikariPool-1 - Start completed.
2026-02-24T02:49:37.298+05:30  WARN 5376 --- [food-ordering] [           main] o.s.w.c.s.GenericWebApplicationContext   : Exception encountered during context initialization - cancelling refresh attempt: org.springframework.beans.factory.BeanCreationException: Error creating bean with name 'entityManagerFactory' defined in class path resource [org/springframework/boot/hibernate/autoconfigure/HibernateJpaConfiguration.class]: Failed to initialize dependency 'dataSourceScriptDatabaseInitializer' of LoadTimeWeaverAware bean 'entityManagerFactory': Error creating bean with name 'dataSourceScriptDatabaseInitializer' defined in class path resource [org/springframework/boot/jdbc/autoconfigure/DataSourceInitializationAutoConfiguration.class]: Failed to execute SQL script statement #1 of file [C:\Users\dell\practice-project\backend\target\classes\data.sql]: INSERT INTO users (id, phone_or_email, role, password_hash, created_at) VALUES (gen_random_uuid(), 'admin@fooddash.com', 'ADMIN', 'admin123', NOW()) ON CONFLICT (phone_or_email) DO NOTHING
2026-02-24T02:49:37.300+05:30  INFO 5376 --- [food-ordering] [           main] com.zaxxer.hikari.HikariDataSource       : HikariPool-1 - Shutdown initiated...
2026-02-24T02:49:37.305+05:30  INFO 5376 --- [food-ordering] [           main] com.zaxxer.hikari.HikariDataSource       : HikariPool-1 - Shutdown completed.
.\mvnw.cmd : 
At line:1 char:1
+ .\mvnw.cmd test > 
test-output.log 2>&1
+ ~~~~~~~~~~~~~~~~~~~~~
~~~~~~~~~~~~~~~~~
    + CategoryInfo     
         : NotSpecifi  
  ed: (:String) [],    
 RemoteException
    + FullyQualifiedEr 
   rorId : NativeComm  
  andError
 


=======================
=====
CONDITIONS EVALUATION 
REPORT
=======================
=====


Positive matches:
-----------------

   
AopAutoConfiguration 
matched:
      - @ConditionalOnB
ooleanProperty 
(spring.aop.auto=true) 
matched 
(OnPropertyCondition)

   AopAutoConfiguration
.AspectJAutoProxyingCon
figuration matched:
      - 
@ConditionalOnClass 
found required class 'o
rg.aspectj.weaver.Advic
e' (OnClassCondition)

   AopAutoConfiguration
.AspectJAutoProxyingCon
figuration.CglibAutoPro
xyConfiguration 
matched:
      - @ConditionalOnB
ooleanProperty (spring.
aop.proxy-target-class=
true) matched 
(OnPropertyCondition)

   ApplicationAvailabil
ityAutoConfiguration#ap
plicationAvailability 
matched:
      - @ConditionalOnM
issingBean (types: org.
springframework.boot.av
ailability.ApplicationA
vailability; 
SearchStrategy: all) 
did not find any beans 
(OnBeanCondition)

   DataElasticsearchAut
oConfiguration matched:
      - 
@ConditionalOnClass 
found required class 'o
rg.springframework.data
.elasticsearch.client.e
lc.ElasticsearchTemplat
e' (OnClassCondition)

   DataElasticsearchCon
figuration.BaseConfigur
ation#elasticsearchConv
erter matched:
      - @ConditionalOnM
issingBean (types: org.
springframework.data.el
asticsearch.core.conver
t.ElasticsearchConverte
r; SearchStrategy: 
all) did not find any 
beans (OnBeanCondition)

   DataElasticsearchCon
figuration.BaseConfigur
ation#elasticsearchCust
omConversions matched:
      - @ConditionalOnM
issingBean (types: org.
springframework.data.el
asticsearch.core.conver
t.ElasticsearchCustomCo
nversions; 
SearchStrategy: all) 
did not find any beans 
(OnBeanCondition)

   DataElasticsearchCon
figuration.BaseConfigur
ation#elasticsearchMapp
ingContext matched:
      - @ConditionalOnM
issingBean (types: org.
springframework.data.el
asticsearch.core.mappin
g.SimpleElasticsearchMa
ppingContext; 
SearchStrategy: all) 
did not find any beans 
(OnBeanCondition)

   DataElasticsearchCon
figuration.JavaClientCo
nfiguration matched:
      - 
@ConditionalOnClass 
found required class 'c
o.elastic.clients.elast
icsearch.ElasticsearchC
lient' 
(OnClassCondition)

   DataElasticsearchCon
figuration.JavaClientCo
nfiguration#elasticsear
chTemplate matched:
      - 
@ConditionalOnBean 
(types: co.elastic.clie
nts.elasticsearch.Elast
icsearchClient; 
SearchStrategy: all) 
found bean 
'elasticsearchClient'; 
@ConditionalOnMissingBe
an (names: 
elasticsearchTemplate 
types: org.springframew
ork.data.elasticsearch.
core.ElasticsearchOpera
tions; SearchStrategy: 
all) did not find any 
beans (OnBeanCondition)

   DataElasticsearchCon
figuration.ReactiveRest
ClientConfiguration 
matched:
      - 
@ConditionalOnClass 
found required classes 
'org.springframework.da
ta.elasticsearch.client
.elc.ReactiveElasticsea
rchClient', 'co.elastic
.clients.transport.Elas
ticsearchTransport', 'r
eactor.core.publisher.M
ono' (OnClassCondition)
      - 
@ConditionalOnBean 
(types: co.elastic.clie
nts.transport.Elasticse
archTransport; 
SearchStrategy: all) 
found bean 
'restClientTransport' 
(OnBeanCondition)

   DataElasticsearchCon
figuration.ReactiveRest
ClientConfiguration#rea
ctiveElasticsearchClien
t matched:
      - @ConditionalOnM
issingBean (types: org.
springframework.data.el
asticsearch.client.elc.
ReactiveElasticsearchCl
ient; SearchStrategy: 
all) did not find any 
beans (OnBeanCondition)

   DataElasticsearchCon
figuration.ReactiveRest
ClientConfiguration#rea
ctiveElasticsearchTempl
ate matched:
      - @ConditionalOnM
issingBean (names: reac
tiveElasticsearchTempla
te types: org.springfra
mework.data.elasticsear
ch.core.ReactiveElastic
searchOperations; 
SearchStrategy: all) 
did not find any beans 
(OnBeanCondition)

   DataElasticsearchRea
ctiveRepositoriesAutoCo
nfiguration matched:
      - 
@ConditionalOnClass 
found required classes 
'org.springframework.da
ta.elasticsearch.client
.elc.ReactiveElasticsea
rchClient', 'org.spring
framework.data.elastics
earch.repository.Reacti
veElasticsearchReposito
ry', 'reactor.core.publ
isher.Mono' 
(OnClassCondition)
      - @ConditionalOnB
ooleanProperty (spring.
data.elasticsearch.repo
sitories.enabled=true) 
matched 
(OnPropertyCondition)
      - @ConditionalOnM
issingBean (types: org.
springframework.data.el
asticsearch.repository.
support.ReactiveElastic
searchRepositoryFactory
Bean; SearchStrategy: 
all) did not find any 
beans (OnBeanCondition)

   DataElasticsearchRep
ositoriesAutoConfigurat
ion matched:
      - 
@ConditionalOnClass 
found required class 'o
rg.springframework.data
.elasticsearch.reposito
ry.ElasticsearchReposit
ory' (OnClassCondition)
      - @ConditionalOnB
ooleanProperty (spring.
data.elasticsearch.repo
sitories.enabled=true) 
matched 
(OnPropertyCondition)
      - @ConditionalOnM
issingBean (types: org.
springframework.data.el
asticsearch.repository.
support.ElasticsearchRe
positoryFactoryBean; 
SearchStrategy: all) 
did not find any beans 
(OnBeanCondition)

   DataJpaRepositoriesA
utoConfiguration 
matched:
      - 
@ConditionalOnClass 
found required class 'o
rg.springframework.data
.jpa.repository.JpaRepo
sitory' 
(OnClassCondition)
      - @ConditionalOnB
ooleanProperty (spring.
data.jpa.repositories.e
nabled=true) matched 
(OnPropertyCondition)
      - 
@ConditionalOnBean 
(types: 
javax.sql.DataSource; 
SearchStrategy: all) 
found bean 
'dataSource'; @Conditio
nalOnMissingBean 
(types: org.springframe
work.data.jpa.repositor
y.support.JpaRepository
FactoryBean,org.springf
ramework.data.jpa.repos
itory.config.JpaReposit
oryConfigExtension; 
SearchStrategy: all) 
did not find any beans 
(OnBeanCondition)

   DataRedisAutoConfigu
ration matched:
      - 
@ConditionalOnClass 
found required class 'o
rg.springframework.data
.redis.core.RedisOperat
ions' 
(OnClassCondition)

   DataRedisAutoConfigu
ration#redisConnectionD
etails matched:
      - @ConditionalOnM
issingBean (types: org.
springframework.boot.da
ta.redis.autoconfigure.
DataRedisConnectionDeta
ils; SearchStrategy: 
all) did not find any 
beans (OnBeanCondition)

   DataRedisAutoConfigu
ration#redisTemplate 
matched:
      - @ConditionalOnS
ingleCandidate (types: 
org.springframework.dat
a.redis.connection.Redi
sConnectionFactory; 
SearchStrategy: all) 
found a single bean 're
disConnectionFactory'; 
@ConditionalOnMissingBe
an (names: 
redisTemplate; 
SearchStrategy: all) 
did not find any beans 
(OnBeanCondition)

   DataRedisAutoConfigu
ration#stringRedisTempl
ate matched:
      - @ConditionalOnS
ingleCandidate (types: 
org.springframework.dat
a.redis.connection.Redi
sConnectionFactory; 
SearchStrategy: all) 
found a single bean 're
disConnectionFactory'; 
@ConditionalOnMissingBe
an (types: org.springfr
amework.data.redis.core
.StringRedisTemplate; 
SearchStrategy: all) 
did not find any beans 
(OnBeanCondition)

   DataRedisReactiveAut
oConfiguration matched:
      - 
@ConditionalOnClass 
found required classes 
'org.springframework.da
ta.redis.connection.Rea
ctiveRedisConnectionFac
tory', 'org.springframe
work.data.redis.core.Re
activeRedisTemplate', '
reactor.core.publisher.
Flux' 
(OnClassCondition)

   DataRedisReactiveAut
oConfiguration#reactive
RedisTemplate matched:
      - 
@ConditionalOnBean 
(types: org.springframe
work.data.redis.connect
ion.ReactiveRedisConnec
tionFactory; 
SearchStrategy: all) 
found bean 'redisConnec
tionFactory'; @Conditio
nalOnMissingBean 
(names: 
reactiveRedisTemplate; 
SearchStrategy: all) 
did not find any beans 
(OnBeanCondition)

   DataRedisReactiveAut
oConfiguration#reactive
StringRedisTemplate 
matched:
      - 
@ConditionalOnBean 
(types: org.springframe
work.data.redis.connect
ion.ReactiveRedisConnec
tionFactory; 
SearchStrategy: all) 
found bean 'redisConnec
tionFactory'; @Conditio
nalOnMissingBean 
(names: reactiveStringR
edisTemplate; 
SearchStrategy: all) 
did not find any beans 
(OnBeanCondition)

   DataRedisRepositorie
sAutoConfiguration 
matched:
      - 
@ConditionalOnClass 
found required class 'o
rg.springframework.data
.redis.repository.confi
guration.EnableRedisRep
ositories' 
(OnClassCondition)
      - @ConditionalOnB
ooleanProperty (spring.
data.redis.repositories
.enabled=true) matched 
(OnPropertyCondition)
      - 
@ConditionalOnBean 
(types: org.springframe
work.data.redis.connect
ion.RedisConnectionFact
ory; SearchStrategy: 
all) found bean 'redisC
onnectionFactory'; @Con
ditionalOnMissingBean 
(types: org.springframe
work.data.redis.reposit
ory.support.RedisReposi
toryFactoryBean; 
SearchStrategy: all) 
did not find any beans 
(OnBeanCondition)

   DataSourceAutoConfig
uration matched:
      - 
@ConditionalOnClass 
found required classes 
'javax.sql.DataSource',
 'org.springframework.j
dbc.datasource.embedded
.EmbeddedDatabaseType' 
(OnClassCondition)
      - @ConditionalOnM
issingBean (types: io.r
2dbc.spi.ConnectionFact
ory; SearchStrategy: 
all) did not find any 
beans (OnBeanCondition)

   DataSourceAutoConfig
uration.PooledDataSourc
eConfiguration matched:
      - 
AnyNestedCondition 1 
matched 1 did not; 
NestedCondition on Data
SourceAutoConfiguration
.PooledDataSourceCondit
ion.PooledDataSourceAva
ilable 
PooledDataSource found 
supported DataSource; 
NestedCondition on Data
SourceAutoConfiguration
.PooledDataSourceCondit
ion.ExplicitType 
@ConditionalOnProperty 
(spring.datasource.type
) did not find 
property 'spring.dataso
urce.type' (DataSourceA
utoConfiguration.Pooled
DataSourceCondition)
      - @ConditionalOnM
issingBean (types: java
x.sql.DataSource,javax.
sql.XADataSource; 
SearchStrategy: all) 
did not find any beans 
(OnBeanCondition)

   DataSourceAutoConfig
uration.PooledDataSourc
eConfiguration#jdbcConn
ectionDetails matched:
      - @ConditionalOnM
issingBean (types: org.
springframework.boot.jd
bc.autoconfigure.JdbcCo
nnectionDetails; 
SearchStrategy: all) 
did not find any beans 
(OnBeanCondition)

   DataSourceConfigurat
ion.Hikari matched:
      - 
@ConditionalOnClass 
found required class 'c
om.zaxxer.hikari.Hikari
DataSource' 
(OnClassCondition)
      - 
@ConditionalOnProperty 
(spring.datasource.type
=com.zaxxer.hikari.Hika
riDataSource) matched 
(OnPropertyCondition)
      - @ConditionalOnM
issingBean (types: 
javax.sql.DataSource; 
SearchStrategy: all) 
did not find any beans 
(OnBeanCondition)

   DataSourceInitializa
tionAutoConfiguration 
matched:
      - 
@ConditionalOnClass 
found required class 'o
rg.springframework.jdbc
.datasource.init.Databa
sePopulator' 
(OnClassCondition)
      - SQL 
InitializationDatabase 
Initialization default 
value is EMBEDDED (OnSq
lInitializationConditio
n)
      - @ConditionalOnS
ingleCandidate (types: 
javax.sql.DataSource; 
SearchStrategy: all) 
found a single bean 
'dataSource'; @Conditio
nalOnMissingBean 
(types: org.springframe
work.boot.sql.autoconfi
gure.init.ApplicationSc
riptDatabaseInitializer
; SearchStrategy: all) 
did not find any beans 
(OnBeanCondition)

   DataSourcePoolMetada
taProvidersConfiguratio
n.HikariPoolDataSourceM
etadataProviderConfigur
ation matched:
      - 
@ConditionalOnClass 
found required class 'c
om.zaxxer.hikari.Hikari
DataSource' 
(OnClassCondition)

   DataSourceTransactio
nManagerAutoConfigurati
on matched:
      - 
@ConditionalOnClass 
found required classes 
'javax.sql.DataSource',
 'org.springframework.j
dbc.core.JdbcTemplate',
 'org.springframework.t
ransaction.TransactionM
anager' 
(OnClassCondition)

   DataSourceTransactio
nManagerAutoConfigurati
on.JdbcTransactionManag
erConfiguration 
matched:
      - @ConditionalOnS
ingleCandidate (types: 
javax.sql.DataSource; 
SearchStrategy: all) 
found a single bean 
'dataSource' 
(OnBeanCondition)

   DataWebAutoConfigura
tion matched:
      - 
@ConditionalOnClass 
found required classes 
'org.springframework.da
ta.web.PageableHandlerM
ethodArgumentResolver',
 'org.springframework.w
eb.servlet.config.annot
ation.WebMvcConfigurer'
 (OnClassCondition)
      - found 
'session' scope (OnWebA
pplicationCondition)
      - @ConditionalOnM
issingBean (types: org.
springframework.data.we
b.PageableHandlerMethod
ArgumentResolver; 
SearchStrategy: all) 
did not find any beans 
(OnBeanCondition)

   DataWebAutoConfigura
tion#pageableCustomizer
 matched:
      - @ConditionalOnM
issingBean (types: org.
springframework.data.we
b.config.PageableHandle
rMethodArgumentResolver
Customizer; 
SearchStrategy: all) 
did not find any beans 
(OnBeanCondition)

   DataWebAutoConfigura
tion#sortCustomizer 
matched:
      - @ConditionalOnM
issingBean (types: org.
springframework.data.we
b.config.SortHandlerMet
hodArgumentResolverCust
omizer; 
SearchStrategy: all) 
did not find any beans 
(OnBeanCondition)

   DataWebAutoConfigura
tion#springDataWebSetti
ngs matched:
      - @ConditionalOnM
issingBean (types: org.
springframework.data.we
b.config.SpringDataWebS
ettings; 
SearchStrategy: all) 
did not find any beans 
(OnBeanCondition)

   DispatcherServletAut
oConfiguration matched:
      - 
@ConditionalOnClass 
found required class 'o
rg.springframework.web.
servlet.DispatcherServl
et' (OnClassCondition)
      - found 
'session' scope (OnWebA
pplicationCondition)

   DispatcherServletAut
oConfiguration.Dispatch
erServletConfiguration 
matched:
      - 
@ConditionalOnClass 
found required class 'j
akarta.servlet.ServletR
egistration' 
(OnClassCondition)
      - Default 
DispatcherServlet did 
not find dispatcher 
servlet beans (Dispatch
erServletAutoConfigurat
ion.DefaultDispatcherSe
rvletCondition)

   DispatcherServletAut
oConfiguration.Dispatch
erServletRegistrationCo
nfiguration matched:
      - 
@ConditionalOnClass 
found required class 'j
akarta.servlet.ServletR
egistration' 
(OnClassCondition)
      - 
DispatcherServlet 
Registration did not 
find servlet 
registration bean (Disp
atcherServletAutoConfig
uration.DispatcherServl
etRegistrationCondition
)

   DispatcherServletAut
oConfiguration.Dispatch
erServletRegistrationCo
nfiguration#dispatcherS
ervletRegistration 
matched:
      - 
@ConditionalOnBean 
(names: 
dispatcherServlet 
types: org.springframew
ork.web.servlet.Dispatc
herServlet; 
SearchStrategy: all) 
found bean 
'dispatcherServlet' 
(OnBeanCondition)

   ElasticsearchClientA
utoConfiguration 
matched:
      - 
@ConditionalOnClass 
found required class 'c
o.elastic.clients.elast
icsearch.ElasticsearchC
lient' 
(OnClassCondition)
      - 
@ConditionalOnBean 
(types: co.elastic.clie
nts.transport.rest5_cli
ent.low_level.Rest5Clie
nt; SearchStrategy: 
all) found bean 'elasti
csearchRestClient' 
(OnBeanCondition)

   ElasticsearchClientC
onfigurations.Elasticse
archClientConfiguration
 matched:
      - 
@ConditionalOnBean 
(types: co.elastic.clie
nts.transport.Elasticse
archTransport; 
SearchStrategy: all) 
found bean 
'restClientTransport' 
(OnBeanCondition)

   ElasticsearchClientC
onfigurations.Elasticse
archClientConfiguration
#elasticsearchClient 
matched:
      - @ConditionalOnM
issingBean (types: co.e
lastic.clients.elastics
earch.ElasticsearchClie
nt; SearchStrategy: 
all) did not find any 
beans (OnBeanCondition)

   ElasticsearchClientC
onfigurations.Elasticse
archTransportConfigurat
ion matched:
      - @ConditionalOnM
issingBean (types: co.e
lastic.clients.transpor
t.ElasticsearchTranspor
t; SearchStrategy: 
all) did not find any 
beans (OnBeanCondition)

   ElasticsearchClientC
onfigurations.JacksonJs
onpMapperConfiguration 
matched:
      - 
@ConditionalOnClass 
found required class 't
ools.jackson.databind.j
son.JsonMapper' 
(OnClassCondition)
      - @ConditionalOnM
issingBean (types: co.e
lastic.clients.json.Jso
npMapper; 
SearchStrategy: all) 
did not find any beans 
(OnBeanCondition)

   ElasticsearchRestCli
entAutoConfiguration 
matched:
      - 
@ConditionalOnClass 
found required class 'c
o.elastic.clients.trans
port.rest5_client.low_l
evel.Rest5ClientBuilder
' (OnClassCondition)

   ElasticsearchRestCli
entConfigurations.RestC
lientBuilderConfigurati
on matched:
      - @ConditionalOnM
issingBean (types: co.e
lastic.clients.transpor
t.rest5_client.low_leve
l.Rest5ClientBuilder; 
SearchStrategy: all) 
did not find any beans 
(OnBeanCondition)

   ElasticsearchRestCli
entConfigurations.RestC
lientBuilderConfigurati
on#elasticsearchConnect
ionDetails matched:
      - @ConditionalOnM
issingBean (types: org.
springframework.boot.el
asticsearch.autoconfigu
re.ElasticsearchConnect
ionDetails; 
SearchStrategy: all) 
did not find any beans 
(OnBeanCondition)

   ElasticsearchRestCli
entConfigurations.RestC
lientConfiguration 
matched:
      - @ConditionalOnM
issingBean (types: co.e
lastic.clients.transpor
t.rest5_client.low_leve
l.Rest5Client; 
SearchStrategy: all) 
did not find any beans 
(OnBeanCondition)

   ErrorMvcAutoConfigur
ation matched:
      - 
@ConditionalOnClass 
found required classes 
'jakarta.servlet.Servle
t', 'org.springframewor
k.web.servlet.Dispatche
rServlet' 
(OnClassCondition)
      - found 
'session' scope (OnWebA
pplicationCondition)

   ErrorMvcAutoConfigur
ation#basicErrorControl
ler matched:
      - @ConditionalOnM
issingBean (types: org.
springframework.boot.we
bmvc.error.ErrorControl
ler; SearchStrategy: 
current) did not find 
any beans 
(OnBeanCondition)

   ErrorMvcAutoConfigur
ation#errorAttributes 
matched:
      - @ConditionalOnM
issingBean (types: org.
springframework.boot.we
bmvc.error.ErrorAttribu
tes; SearchStrategy: 
current) did not find 
any beans 
(OnBeanCondition)

   ErrorMvcAutoConfigur
ation.DefaultErrorViewR
esolverConfiguration#co
nventionErrorViewResolv
er matched:
      - 
@ConditionalOnBean 
(types: org.springframe
work.web.servlet.Dispat
cherServlet; 
SearchStrategy: all) 
found bean 
'dispatcherServlet'; @C
onditionalOnMissingBean
 (types: org.springfram
ework.boot.webmvc.autoc
onfigure.error.ErrorVie
wResolver; 
SearchStrategy: all) 
did not find any beans 
(OnBeanCondition)

   ErrorMvcAutoConfigur
ation.WhitelabelErrorVi
ewConfiguration 
matched:
      - @ConditionalOnB
ooleanProperty (spring.
web.error.whitelabel.en
abled=true) matched 
(OnPropertyCondition)
      - ErrorTemplate 
Missing did not find 
error template view (Er
rorMvcAutoConfiguration
.ErrorTemplateMissingCo
ndition)

   ErrorMvcAutoConfigur
ation.WhitelabelErrorVi
ewConfiguration#beanNam
eViewResolver matched:
      - @ConditionalOnM
issingBean (types: org.
springframework.web.ser
vlet.view.BeanNameViewR
esolver; 
SearchStrategy: all) 
did not find any beans 
(OnBeanCondition)

   ErrorMvcAutoConfigur
ation.WhitelabelErrorVi
ewConfiguration#default
ErrorView matched:
      - @ConditionalOnM
issingBean (names: 
error; SearchStrategy: 
all) did not find any 
beans (OnBeanCondition)

   H2ConsoleAutoConfigu
ration matched:
      - 
@ConditionalOnClass 
found required class 'o
rg.h2.server.web.Jakart
aWebServlet' 
(OnClassCondition)
      - found 
'session' scope (OnWebA
pplicationCondition)
      - @ConditionalOnB
ooleanProperty (spring.
h2.console.enabled=true
) matched 
(OnPropertyCondition)

   HibernateJpaAutoConf
iguration matched:
      - 
@ConditionalOnClass 
found required classes 
'org.springframework.or
m.jpa.LocalContainerEnt
ityManagerFactoryBean',
 'jakarta.persistence.E
ntityManager', 'org.hib
ernate.engine.spi.Sessi
onImplementor' 
(OnClassCondition)

   HibernateJpaConfigur
ation matched:
      - @ConditionalOnS
ingleCandidate (types: 
javax.sql.DataSource; 
SearchStrategy: all) 
found a single bean 
'dataSource' 
(OnBeanCondition)

   HttpEncodingAutoConf
iguration matched:
      - 
@ConditionalOnClass 
found required class 'o
rg.springframework.web.
filter.CharacterEncodin
gFilter' 
(OnClassCondition)
      - found 
'session' scope (OnWebA
pplicationCondition)
      - @ConditionalOnB
ooleanProperty (spring.
servlet.encoding.enable
d=true) matched 
(OnPropertyCondition)

   HttpEncodingAutoConf
iguration#characterEnco
dingFilter matched:
      - @ConditionalOnM
issingBean (types: org.
springframework.web.fil
ter.CharacterEncodingFi
lter; SearchStrategy: 
all) did not find any 
beans (OnBeanCondition)

   HttpMessageConverter
sAutoConfiguration 
matched:
      - 
@ConditionalOnClass 
found required class 'o
rg.springframework.http
.converter.HttpMessageC
onverter' 
(OnClassCondition)
      - 
NoneNestedConditions 0 
matched 1 did not; 
NestedCondition on Http
MessageConvertersAutoCo
nfiguration.NotReactive
WebApplicationCondition
.ReactiveWebApplication
 did not find reactive 
web application 
classes (HttpMessageCon
vertersAutoConfiguratio
n.NotReactiveWebApplica
tionCondition)

   HttpMessageConverter
sAutoConfiguration.Stri
ngHttpMessageConverterC
onfiguration#stringHttp
MessageConvertersCustom
izer matched:
      - @ConditionalOnM
issingBean (types: org.
springframework.http.co
nverter.StringHttpMessa
geConverter; 
SearchStrategy: all) 
did not find any beans 
(OnBeanCondition)

   JacksonAutoConfigura
tion matched:
      - 
@ConditionalOnClass 
found required class 't
ools.jackson.databind.j
son.JsonMapper' 
(OnClassCondition)

   JacksonAutoConfigura
tion#jacksonJsonMapper 
matched:
      - @ConditionalOnM
issingBean (types: tool
s.jackson.databind.json
.JsonMapper; 
SearchStrategy: all) 
did not find any beans 
(OnBeanCondition)

   JacksonAutoConfigura
tion#jsonMapperBuilder 
matched:
      - @ConditionalOnM
issingBean (types: tool
s.jackson.databind.json
.JsonMapper$Builder; 
SearchStrategy: all) 
did not find any beans 
(OnBeanCondition)

   JacksonAutoConfigura
tion.JsonProblemDetails
Configuration matched:
      - 
@ConditionalOnClass 
found required class 'o
rg.springframework.http
.ProblemDetail' 
(OnClassCondition)

   JacksonHttpMessageCo
nvertersConfiguration.J
acksonJsonHttpMessageCo
nverterConfiguration 
matched:
      - 
@ConditionalOnClass 
found required class 't
ools.jackson.databind.j
son.JsonMapper' 
(OnClassCondition)
      - 
@ConditionalOnProperty 
(spring.http.converters
.preferred-json-mapper=
jackson) matched 
(OnPropertyCondition)
      - 
@ConditionalOnBean 
(types: tools.jackson.d
atabind.json.JsonMapper
; SearchStrategy: all) 
found bean 
'jacksonJsonMapper' 
(OnBeanCondition)

   JacksonHttpMessageCo
nvertersConfiguration.J
acksonJsonHttpMessageCo
nverterConfiguration#ja
cksonJsonHttpMessageCon
vertersCustomizer 
matched:
      - @ConditionalOnM
issingBean (types: org.
springframework.http.co
nverter.json.JacksonJso
nHttpMessageConverter 
ignored: org.springfram
ework.hateoas.server.mv
c.TypeConstrainedJackso
nJsonHttpMessageConvert
er,org.springframework.
data.rest.webmvc.alps.A
lpsJacksonJsonHttpMessa
geConverter; 
SearchStrategy: all) 
did not find any beans 
(OnBeanCondition)

   JdbcClientAutoConfig
uration matched:
      - @ConditionalOnS
ingleCandidate (types: 
org.springframework.jdb
c.core.namedparam.Named
ParameterJdbcTemplate; 
SearchStrategy: all) 
found a single bean 'na
medParameterJdbcTemplat
e'; @ConditionalOnMissi
ngBean (types: org.spri
ngframework.jdbc.core.s
imple.JdbcClient; 
SearchStrategy: all) 
did not find any beans 
(OnBeanCondition)

   JdbcTemplateAutoConf
iguration matched:
      - 
@ConditionalOnClass 
found required classes 
'javax.sql.DataSource',
 'org.springframework.j
dbc.core.JdbcTemplate' 
(OnClassCondition)
      - @ConditionalOnS
ingleCandidate (types: 
javax.sql.DataSource; 
SearchStrategy: all) 
found a single bean 
'dataSource' 
(OnBeanCondition)

   JdbcTemplateConfigur
ation matched:
      - @ConditionalOnM
issingBean (types: org.
springframework.jdbc.co
re.JdbcOperations; 
SearchStrategy: all) 
did not find any beans 
(OnBeanCondition)

   JpaBaseConfiguration
#entityManagerFactory 
matched:
      - @ConditionalOnM
issingBean (types: org.
springframework.orm.jpa
.LocalContainerEntityMa
nagerFactoryBean,jakart
a.persistence.EntityMan
agerFactory; 
SearchStrategy: all) 
did not find any beans 
(OnBeanCondition)

   JpaBaseConfiguration
#entityManagerFactoryBu
ilder matched:
      - @ConditionalOnM
issingBean (types: org.
springframework.boot.jp
a.EntityManagerFactoryB
uilder; 
SearchStrategy: all) 
did not find any beans 
(OnBeanCondition)

   JpaBaseConfiguration
#jpaVendorAdapter 
matched:
      - @ConditionalOnM
issingBean (types: org.
springframework.orm.jpa
.JpaVendorAdapter; 
SearchStrategy: all) 
did not find any beans 
(OnBeanCondition)

   JpaBaseConfiguration
#transactionManager 
matched:
      - @ConditionalOnM
issingBean (types: org.
springframework.transac
tion.TransactionManager
; SearchStrategy: all) 
did not find any beans 
(OnBeanCondition)

   JpaBaseConfiguration
.JpaWebConfiguration 
matched:
      - 
@ConditionalOnClass 
found required class 'o
rg.springframework.web.
servlet.config.annotati
on.WebMvcConfigurer' 
(OnClassCondition)
      - found 
'session' scope (OnWebA
pplicationCondition)
      - @ConditionalOnB
ooleanProperty (spring.
jpa.open-in-view=true) 
matched 
(OnPropertyCondition)
      - @ConditionalOnM
issingBean (types: org.
springframework.orm.jpa
.support.OpenEntityMana
gerInViewInterceptor,or
g.springframework.orm.j
pa.support.OpenEntityMa
nagerInViewFilter; 
SearchStrategy: all) 
did not find any beans 
(OnBeanCondition)

   JpaBaseConfiguration
.PersistenceManagedType
sConfiguration matched:
      - @ConditionalOnM
issingBean (types: org.
springframework.orm.jpa
.LocalContainerEntityMa
nagerFactoryBean,jakart
a.persistence.EntityMan
agerFactory; 
SearchStrategy: all) 
did not find any beans 
(OnBeanCondition)

   JpaBaseConfiguration
.PersistenceManagedType
sConfiguration#persiste
nceManagedTypes 
matched:
      - @ConditionalOnM
issingBean (types: org.
springframework.orm.jpa
.persistenceunit.Persis
tenceManagedTypes; 
SearchStrategy: all) 
did not find any beans 
(OnBeanCondition)

   
JtaAutoConfiguration 
matched:
      - 
@ConditionalOnClass 
found required class 'j
akarta.transaction.Tran
saction' 
(OnClassCondition)
      - @ConditionalOnB
ooleanProperty (spring.
jta.enabled=true) 
matched 
(OnPropertyCondition)

   LettuceConnectionCon
figuration matched:
      - 
@ConditionalOnClass 
found required class 'i
o.lettuce.core.RedisCli
ent' (OnClassCondition)
      - 
@ConditionalOnProperty 
(spring.data.redis.clie
nt-type=lettuce) 
matched 
(OnPropertyCondition)

   LettuceConnectionCon
figuration#lettuceClien
tResources matched:
      - @ConditionalOnM
issingBean (types: io.l
ettuce.core.resource.Cl
ientResources; 
SearchStrategy: all) 
did not find any beans 
(OnBeanCondition)

   LettuceConnectionCon
figuration#redisConnect
ionFactory matched:
      - @ConditionalOnM
issingBean (types: org.
springframework.data.re
dis.connection.RedisCon
nectionFactory; 
SearchStrategy: all) 
did not find any beans 
(OnBeanCondition)
      - @ConditionalOnT
hreading found 
PLATFORM 
(OnThreadingCondition)

   LifecycleAutoConfigu
ration#defaultLifecycle
Processor matched:
      - @ConditionalOnM
issingBean (names: 
lifecycleProcessor; 
SearchStrategy: 
current) did not find 
any beans 
(OnBeanCondition)

   MultipartAutoConfigu
ration matched:
      - 
@ConditionalOnClass 
found required classes 
'jakarta.servlet.Servle
t', 'org.springframewor
k.web.multipart.support
.StandardServletMultipa
rtResolver', 'jakarta.s
ervlet.MultipartConfigE
lement' 
(OnClassCondition)
      - found 
'session' scope (OnWebA
pplicationCondition)
      - @ConditionalOnB
ooleanProperty (spring.
servlet.multipart.enabl
ed=true) matched 
(OnPropertyCondition)

   MultipartAutoConfigu
ration#multipartConfigE
lement matched:
      - @ConditionalOnM
issingBean (types: jaka
rta.servlet.MultipartCo
nfigElement; 
SearchStrategy: all) 
did not find any beans 
(OnBeanCondition)

   MultipartAutoConfigu
ration#multipartResolve
r matched:
      - @ConditionalOnM
issingBean (types: org.
springframework.web.mul
tipart.MultipartResolve
r; SearchStrategy: 
all) did not find any 
beans (OnBeanCondition)

   NamedParameterJdbcTe
mplateConfiguration 
matched:
      - @ConditionalOnS
ingleCandidate (types: 
org.springframework.jdb
c.core.JdbcTemplate; 
SearchStrategy: all) 
found a single bean 
'jdbcTemplate'; @Condit
ionalOnMissingBean 
(types: org.springframe
work.jdbc.core.namedpar
am.NamedParameterJdbcOp
erations; 
SearchStrategy: all) 
did not find any beans 
(OnBeanCondition)

   
NettyAutoConfiguration 
matched:
      - 
@ConditionalOnClass 
found required class 'i
o.netty.util.NettyRunti
me' (OnClassCondition)

   PersistenceException
TranslationAutoConfigur
ation matched:
      - 
@ConditionalOnClass 
found required class 'o
rg.springframework.dao.
annotation.PersistenceE
xceptionTranslationPost
Processor' 
(OnClassCondition)

   PersistenceException
TranslationAutoConfigur
ation#persistenceExcept
ionTranslationPostProce
ssor matched:
      - @ConditionalOnB
ooleanProperty (spring.
persistence.exceptiontr
anslation.enabled=true)
 matched 
(OnPropertyCondition)
      - @ConditionalOnM
issingBean (types: org.
springframework.dao.ann
otation.PersistenceExce
ptionTranslationPostPro
cessor; 
SearchStrategy: all) 
did not find any beans 
(OnBeanCondition)

   PropertyPlaceholderA
utoConfiguration#proper
tySourcesPlaceholderCon
figurer matched:
      - @ConditionalOnM
issingBean (types: org.
springframework.context
.support.PropertySource
sPlaceholderConfigurer;
 SearchStrategy: 
current) did not find 
any beans 
(OnBeanCondition)

   SecurityAutoConfigur
ation matched:
      - 
@ConditionalOnClass 
found required class 'o
rg.springframework.secu
rity.authentication.Def
aultAuthenticationEvent
Publisher' 
(OnClassCondition)

   SecurityAutoConfigur
ation#authenticationEve
ntPublisher matched:
      - @ConditionalOnM
issingBean (types: org.
springframework.securit
y.authentication.Authen
ticationEventPublisher;
 SearchStrategy: all) 
did not find any beans 
(OnBeanCondition)

   SecurityFilterAutoCo
nfiguration matched:
      - 
@ConditionalOnClass 
found required classes 
'org.springframework.se
curity.web.context.Abst
ractSecurityWebApplicat
ionInitializer', 'org.s
pringframework.security
.config.http.SessionCre
ationPolicy' 
(OnClassCondition)
      - found 
'session' scope (OnWebA
pplicationCondition)

   SecurityFilterAutoCo
nfiguration#securityFil
terChainRegistration 
matched:
      - 
@ConditionalOnBean 
(names: springSecurityF
ilterChain; 
SearchStrategy: all) 
found bean 'springSecur
ityFilterChain' 
(OnBeanCondition)

   ServletWebSecurityAu
toConfiguration 
matched:
      - 
@ConditionalOnClass 
found required class 'o
rg.springframework.secu
rity.config.annotation.
web.configuration.Enabl
eWebSecurity' 
(OnClassCondition)
      - found 
'session' scope (OnWebA
pplicationCondition)

   ServletWebSecurityAu
toConfiguration.PathPat
ternRequestMatcherBuild
erConfiguration 
matched:
      - 
@ConditionalOnClass 
found required class 'o
rg.springframework.boot
.webmvc.autoconfigure.D
ispatcherServletPath' 
(OnClassCondition)
      - 
@ConditionalOnBean 
(types: org.springframe
work.boot.webmvc.autoco
nfigure.DispatcherServl
etPath; 
SearchStrategy: all) 
found bean 'dispatcherS
ervletRegistration' 
(OnBeanCondition)

   ServletWebSecurityAu
toConfiguration.PathPat
ternRequestMatcherBuild
erConfiguration#pathPat
ternRequestMatcherBuild
er matched:
      - @ConditionalOnM
issingBean (types: org.
springframework.securit
y.web.servlet.util.matc
her.PathPatternRequestM
atcher$Builder; 
SearchStrategy: all) 
did not find any beans 
(OnBeanCondition)

   SslAutoConfiguration
#sslBundleRegistry 
matched:
      - @ConditionalOnM
issingBean (types: org.
springframework.boot.ss
l.SslBundleRegistry,org
.springframework.boot.s
sl.SslBundles; 
SearchStrategy: all) 
did not find any beans 
(OnBeanCondition)

   TaskExecutionAutoCon
figuration matched:
      - 
@ConditionalOnClass 
found required class 'o
rg.springframework.sche
duling.concurrent.Threa
dPoolTaskExecutor' 
(OnClassCondition)

   TaskExecutorConfigur
ations.AsyncConfigurerC
onfiguration matched:
      - @ConditionalOnM
issingBean (types: org.
springframework.schedul
ing.annotation.AsyncCon
figurer; 
SearchStrategy: all) 
did not find any beans 
(OnBeanCondition)

   TaskExecutorConfigur
ations.SimpleAsyncTaskE
xecutorBuilderConfigura
tion#simpleAsyncTaskExe
cutorBuilder matched:
      - @ConditionalOnM
issingBean (types: org.
springframework.boot.ta
sk.SimpleAsyncTaskExecu
torBuilder; 
SearchStrategy: all) 
did not find any beans 
(OnBeanCondition)
      - @ConditionalOnT
hreading found 
PLATFORM 
(OnThreadingCondition)

   TaskExecutorConfigur
ations.TaskExecutorConf
iguration matched:
      - 
AnyNestedCondition 1 
matched 1 did not; 
NestedCondition on Task
ExecutorConfigurations.
OnExecutorCondition.Mod
elCondition 
@ConditionalOnProperty 
(spring.task.execution.
mode=force) did not 
find property 'spring.t
ask.execution.mode'; 
NestedCondition on Task
ExecutorConfigurations.
OnExecutorCondition.Exe
cutorBeanCondition @Con
ditionalOnMissingBean 
(types: java.util.concu
rrent.Executor; 
SearchStrategy: all) 
did not find any beans 
(TaskExecutorConfigurat
ions.OnExecutorConditio
n)

   TaskExecutorConfigur
ations.TaskExecutorConf
iguration#applicationTa
skExecutor matched:
      - @ConditionalOnT
hreading found 
PLATFORM 
(OnThreadingCondition)

   TaskExecutorConfigur
ations.ThreadPoolTaskEx
ecutorBuilderConfigurat
ion#threadPoolTaskExecu
torBuilder matched:
      - @ConditionalOnM
issingBean (types: org.
springframework.boot.ta
sk.ThreadPoolTaskExecut
orBuilder; 
SearchStrategy: all) 
did not find any beans 
(OnBeanCondition)

   TaskSchedulingAutoCo
nfiguration matched:
      - 
@ConditionalOnClass 
found required class 'o
rg.springframework.sche
duling.concurrent.Threa
dPoolTaskScheduler' 
(OnClassCondition)

   TaskSchedulingConfig
urations.SimpleAsyncTas
kSchedulerBuilderConfig
uration#simpleAsyncTask
SchedulerBuilder 
matched:
      - @ConditionalOnM
issingBean (types: org.
springframework.boot.ta
sk.SimpleAsyncTaskSched
ulerBuilder; 
SearchStrategy: all) 
did not find any beans 
(OnBeanCondition)
      - @ConditionalOnT
hreading found 
PLATFORM 
(OnThreadingCondition)

   TaskSchedulingConfig
urations.ThreadPoolTask
SchedulerBuilderConfigu
ration#threadPoolTaskSc
hedulerBuilder matched:
      - @ConditionalOnM
issingBean (types: org.
springframework.boot.ta
sk.ThreadPoolTaskSchedu
lerBuilder; 
SearchStrategy: all) 
did not find any beans 
(OnBeanCondition)

   TomcatServletWebServ
erAutoConfiguration 
matched:
      - 
@ConditionalOnClass 
found required classes 
'jakarta.servlet.Servle
tRequest', 'org.apache.
catalina.startup.Tomcat
', 'org.apache.coyote.U
pgradeProtocol', 'org.s
pringframework.boot.tom
cat.servlet.TomcatServl
etWebServerFactory' 
(OnClassCondition)
      - found 
'session' scope (OnWebA
pplicationCondition)

   TomcatServletWebServ
erAutoConfiguration#tom
catServletWebServerFact
ory matched:
      - @ConditionalOnM
issingBean (types: org.
springframework.boot.we
b.server.servlet.Servle
tWebServerFactory; 
SearchStrategy: 
current) did not find 
any beans 
(OnBeanCondition)

   TransactionAutoConfi
guration matched:
      - 
@ConditionalOnClass 
found required class 'o
rg.springframework.tran
saction.PlatformTransac
tionManager' 
(OnClassCondition)

   TransactionAutoConfi
guration.EnableTransact
ionManagementConfigurat
ion matched:
      - 
@ConditionalOnBean 
(types: org.springframe
work.transaction.Transa
ctionManager; 
SearchStrategy: all) 
found bean 
'transactionManager'; @
ConditionalOnMissingBea
n (types: org.springfra
mework.transaction.anno
tation.AbstractTransact
ionManagementConfigurat
ion; SearchStrategy: 
all) did not find any 
beans (OnBeanCondition)

   TransactionAutoConfi
guration.EnableTransact
ionManagementConfigurat
ion.CglibAutoProxyConfi
guration matched:
      - @ConditionalOnB
ooleanProperty (spring.
aop.proxy-target-class=
true) matched 
(OnPropertyCondition)

   TransactionAutoConfi
guration.TransactionTem
plateConfiguration 
matched:
      - @ConditionalOnS
ingleCandidate (types: 
org.springframework.tra
nsaction.PlatformTransa
ctionManager; 
SearchStrategy: all) 
found a single bean 
'transactionManager' 
(OnBeanCondition)

   TransactionAutoConfi
guration.TransactionTem
plateConfiguration#tran
sactionTemplate 
matched:
      - @ConditionalOnM
issingBean (types: org.
springframework.transac
tion.support.Transactio
nOperations; 
SearchStrategy: all) 
did not find any beans 
(OnBeanCondition)

   TransactionManagerCu
stomizationAutoConfigur
ation matched:
      - 
@ConditionalOnClass 
found required class 'o
rg.springframework.tran
saction.PlatformTransac
tionManager' 
(OnClassCondition)

   TransactionManagerCu
stomizationAutoConfigur
ation#platformTransacti
onManagerCustomizers 
matched:
      - @ConditionalOnM
issingBean (types: org.
springframework.boot.tr
ansaction.autoconfigure
.TransactionManagerCust
omizers; 
SearchStrategy: all) 
did not find any beans 
(OnBeanCondition)

   UserDetailsServiceAu
toConfiguration 
matched:
      - 
@ConditionalOnClass 
found required class 'o
rg.springframework.secu
rity.authentication.Aut
henticationManager' 
(OnClassCondition)
      - found 
'session' scope (OnWebA
pplicationCondition)
      - 
AnyNestedCondition 1 
matched 2 did not; 
NestedCondition on Miss
ingAlternativeUserDetai
lsManagerOrUserProperti
esConfigured.PasswordCo
nfigured 
@ConditionalOnProperty 
(spring.security.user.p
assword) did not find 
property 'spring.securi
ty.user.password'; 
NestedCondition on Miss
ingAlternativeUserDetai
lsManagerOrUserProperti
esConfigured.NameConfig
ured 
@ConditionalOnProperty 
(spring.security.user.n
ame) did not find 
property 'spring.securi
ty.user.name'; 
NestedCondition on Miss
ingAlternativeUserDetai
lsManagerOrUserProperti
esConfigured.MissingAlt
ernative @ConditionalOn
MissingClass did not 
find unwanted classes '
org.springframework.sec
urity.oauth2.client.reg
istration.ClientRegistr
ationRepository', 'org.
springframework.securit
y.oauth2.server.resourc
e.introspection.OpaqueT
okenIntrospector', 'org
.springframework.securi
ty.saml2.provider.servi
ce.registration.Relying
PartyRegistrationReposi
tory' (MissingAlternati
veUserDetailsManagerOrU
serPropertiesConfigured
)
      - @ConditionalOnM
issingBean (types: org.
springframework.securit
y.authentication.Authen
ticationManager,org.spr
ingframework.security.a
uthentication.Authentic
ationProvider,org.sprin
gframework.security.cor
e.userdetails.UserDetai
lsService,org.springfra
mework.security.authent
ication.AuthenticationM
anagerResolver,org.spri
ngframework.security.oa
uth2.jwt.JwtDecoder; 
SearchStrategy: all) 
did not find any beans 
(OnBeanCondition)

   ValidationAutoConfig
uration matched:
      - 
@ConditionalOnClass 
found required class 'j
akarta.validation.execu
table.ExecutableValidat
or' (OnClassCondition)
      - 
@ConditionalOnResource 
found location classpat
h:META-INF/services/jak
arta.validation.spi.Val
idationProvider 
(OnResourceCondition)

   ValidationAutoConfig
uration#defaultValidato
r matched:
      - @ConditionalOnM
issingBean (types: jaka
rta.validation.Validato
r; SearchStrategy: 
all) did not find any 
beans (OnBeanCondition)

   ValidationAutoConfig
uration#methodValidatio
nPostProcessor matched:
      - @ConditionalOnM
issingBean (types: org.
springframework.validat
ion.beanvalidation.Meth
odValidationPostProcess
or; SearchStrategy: 
current) did not find 
any beans 
(OnBeanCondition)

   WebMvcAutoConfigurat
ion matched:
      - 
@ConditionalOnClass 
found required classes 
'jakarta.servlet.Servle
t', 'org.springframewor
k.web.servlet.Dispatche
rServlet', 'org.springf
ramework.web.servlet.co
nfig.annotation.WebMvcC
onfigurer' 
(OnClassCondition)
      - found 
'session' scope (OnWebA
pplicationCondition)
      - @ConditionalOnM
issingBean (types: org.
springframework.web.ser
vlet.config.annotation.
WebMvcConfigurationSupp
ort; SearchStrategy: 
all) did not find any 
beans (OnBeanCondition)

   WebMvcAutoConfigurat
ion#formContentFilter 
matched:
      - @ConditionalOnB
ooleanProperty (spring.
mvc.formcontent.filter.
enabled=true) matched 
(OnPropertyCondition)
      - @ConditionalOnM
issingBean (types: org.
springframework.web.fil
ter.FormContentFilter; 
SearchStrategy: all) 
did not find any beans 
(OnBeanCondition)

   WebMvcAutoConfigurat
ion.EnableWebMvcConfigu
ration#flashMapManager 
matched:
      - @ConditionalOnM
issingBean (names: 
flashMapManager; 
SearchStrategy: all) 
did not find any beans 
(OnBeanCondition)

   WebMvcAutoConfigurat
ion.EnableWebMvcConfigu
ration#localeResolver 
matched:
      - @ConditionalOnM
issingBean (names: 
localeResolver; 
SearchStrategy: all) 
did not find any beans 
(OnBeanCondition)

   WebMvcAutoConfigurat
ion.EnableWebMvcConfigu
ration#viewNameTranslat
or matched:
      - @ConditionalOnM
issingBean (names: 
viewNameTranslator; 
SearchStrategy: all) 
did not find any beans 
(OnBeanCondition)

   WebMvcAutoConfigurat
ion.WebMvcAutoConfigura
tionAdapter#defaultView
Resolver matched:
      - @ConditionalOnM
issingBean (types: org.
springframework.web.ser
vlet.view.InternalResou
rceViewResolver; 
SearchStrategy: all) 
did not find any beans 
(OnBeanCondition)

   WebMvcAutoConfigurat
ion.WebMvcAutoConfigura
tionAdapter#requestCont
extFilter matched:
      - @ConditionalOnM
issingBean (types: org.
springframework.web.con
text.request.RequestCon
textListener,org.spring
framework.web.filter.Re
questContextFilter; 
SearchStrategy: all) 
did not find any beans 
(OnBeanCondition)

   WebMvcAutoConfigurat
ion.WebMvcAutoConfigura
tionAdapter#viewResolve
r matched:
      - 
@ConditionalOnBean 
(types: org.springframe
work.web.servlet.ViewRe
solver; 
SearchStrategy: all) 
found beans 
'defaultViewResolver', 
'beanNameViewResolver',
 'mvcViewResolver'; @Co
nditionalOnMissingBean 
(names: viewResolver 
types: org.springframew
ork.web.servlet.view.Co
ntentNegotiatingViewRes
olver; SearchStrategy: 
all) did not find any 
beans (OnBeanCondition)


Negative matches:
-----------------

   AopAutoConfiguration
.AspectJAutoProxyingCon
figuration.JdkDynamicAu
toProxyConfiguration:
      Did not match:
         - @Conditional
OnBooleanProperty (spri
ng.aop.proxy-target-cla
ss=false) did not find 
property 'spring.aop.pr
oxy-target-class' 
(OnPropertyCondition)

   AopAutoConfiguration
.ClassProxyingConfigura
tion:
      Did not match:
         - @Conditional
OnMissingClass found 
unwanted class 'org.asp
ectj.weaver.Advice' 
(OnClassCondition)

   DataElasticsearchRea
ctiveHealthContributorA
utoConfiguration:
      Did not match:
         - 
@ConditionalOnClass 
did not find required 
class 'org.springframew
ork.boot.data.elasticse
arch.health.DataElastic
searchReactiveHealthInd
icator' 
(OnClassCondition)

   DataJpaRepositoriesA
utoConfiguration#entity
ManagerFactoryBootstrap
ExecutorCustomizer:
      Did not match:
         - 
AnyNestedCondition 0 
matched 2 did not; 
NestedCondition on Data
JpaRepositoriesAutoConf
iguration.BootstrapExec
utorCondition.LazyBoots
trapMode 
@ConditionalOnProperty 
(spring.data.jpa.reposi
tories.bootstrap-mode=l
azy) did not find 
property 'spring.data.j
pa.repositories.bootstr
ap-mode'; 
NestedCondition on Data
JpaRepositoriesAutoConf
iguration.BootstrapExec
utorCondition.DeferredB
ootstrapMode 
@ConditionalOnProperty 
(spring.data.jpa.reposi
tories.bootstrap-mode=d
eferred) did not find 
property 'spring.data.j
pa.repositories.bootstr
ap-mode' (DataJpaReposi
toriesAutoConfiguration
.BootstrapExecutorCondi
tion)

   DataRedisHealthContr
ibutorAutoConfiguration
:
      Did not match:
         - 
@ConditionalOnClass 
did not find required 
class 'org.springframew
ork.boot.health.autocon
figure.contributor.Cond
itionalOnEnabledHealthI
ndicator' 
(OnClassCondition)

   DataRedisReactiveHea
lthContributorAutoConfi
guration:
      Did not match:
         - 
@ConditionalOnClass 
did not find required 
class 'org.springframew
ork.boot.health.autocon
figure.contributor.Cond
itionalOnEnabledHealthI
ndicator' 
(OnClassCondition)

   DataRepositoryMetric
sAutoConfiguration:
      Did not match:
         - 
@ConditionalOnBean did 
not find required type 
'io.micrometer.core.ins
trument.MeterRegistry' 
(OnBeanCondition)

   DataSourceAutoConfig
uration.EmbeddedDatabas
eConfiguration:
      Did not match:
         - 
EmbeddedDataSource 
spring.datasource.url 
is set (DataSourceAutoC
onfiguration.EmbeddedDa
tabaseCondition)

   DataSourceCheckpoint
RestoreConfiguration:
      Did not match:
         - 
@ConditionalOnClass 
did not find required 
class 
'org.crac.Resource' 
(OnClassCondition)

   DataSourceConfigurat
ion.Dbcp2:
      Did not match:
         - 
@ConditionalOnClass 
did not find required 
class 'org.apache.commo
ns.dbcp2.BasicDataSourc
e' (OnClassCondition)

   DataSourceConfigurat
ion.Generic:
      Did not match:
         - 
@ConditionalOnProperty 
(spring.datasource.type
) did not find 
property 'spring.dataso
urce.type' 
(OnPropertyCondition)

   DataSourceConfigurat
ion.OracleUcp:
      Did not match:
         - 
@ConditionalOnClass 
did not find required 
classes 'oracle.ucp.jdb
c.PoolDataSourceImpl', 
'oracle.jdbc.OracleConn
ection' 
(OnClassCondition)

   DataSourceConfigurat
ion.Tomcat:
      Did not match:
         - 
@ConditionalOnClass 
did not find required 
class 'org.apache.tomca
t.jdbc.pool.DataSource'
 (OnClassCondition)

   DataSourceHealthCont
ributorAutoConfiguratio
n:
      Did not match:
         - 
@ConditionalOnClass 
did not find required 
class 'org.springframew
ork.boot.health.autocon
figure.contributor.Cond
itionalOnEnabledHealthI
ndicator' 
(OnClassCondition)

   DataSourceJmxConfigu
ration:
      Did not match:
         - @Conditional
OnBooleanProperty (spri
ng.jmx.enabled=true) 
found different value 
in property 
'spring.jmx.enabled' 
(OnPropertyCondition)

   DataSourcePoolMetada
taProvidersConfiguratio
n.CommonsDbcp2PoolDataS
ourceMetadataProviderCo
nfiguration:
      Did not match:
         - 
@ConditionalOnClass 
did not find required 
class 'org.apache.commo
ns.dbcp2.BasicDataSourc
e' (OnClassCondition)

   DataSourcePoolMetada
taProvidersConfiguratio
n.OracleUcpPoolDataSour
ceMetadataProviderConfi
guration:
      Did not match:
         - 
@ConditionalOnClass 
did not find required 
classes 'oracle.ucp.jdb
c.PoolDataSource', 'ora
cle.jdbc.OracleConnecti
on' (OnClassCondition)

   DataSourcePoolMetada
taProvidersConfiguratio
n.TomcatDataSourcePoolM
etadataProviderConfigur
ation:
      Did not match:
         - 
@ConditionalOnClass 
did not find required 
class 'org.apache.tomca
t.jdbc.pool.DataSource'
 (OnClassCondition)

   DataSourcePoolMetric
sAutoConfiguration:
      Did not match:
         - 
@ConditionalOnClass 
did not find required 
class 'io.micrometer.co
re.instrument.MeterRegi
stry' 
(OnClassCondition)

   DataSourceTransactio
nManagerAutoConfigurati
on.JdbcTransactionManag
erConfiguration#transac
tionManager:
      Did not match:
         - @Conditional
OnMissingBean (types: o
rg.springframework.tran
saction.TransactionMana
ger; SearchStrategy: 
all) found beans of 
type 'org.springframewo
rk.transaction.Transact
ionManager' 
transactionManager 
(OnBeanCondition)

   DispatcherServletAut
oConfiguration.Dispatch
erServletConfiguration#
multipartResolver:
      Did not match:
         - 
@ConditionalOnBean 
(types: org.springframe
work.web.multipart.Mult
ipartResolver; 
SearchStrategy: all) 
did not find any beans 
of type org.springframe
work.web.multipart.Mult
ipartResolver 
(OnBeanCondition)

   ElasticsearchClientC
onfigurations.Jackson2J
sonpMapperConfiguration
:
      Did not match:
         - @Conditional
OnMissingBean (types: c
o.elastic.clients.json.
JsonpMapper; 
SearchStrategy: all) 
found beans of type 'co
.elastic.clients.json.J
sonpMapper' 
jacksonJsonpMapper 
(OnBeanCondition)
      Matched:
         - 
@ConditionalOnClass 
found required class 'c
om.fasterxml.jackson.da
tabind.ObjectMapper' 
(OnClassCondition)

   ElasticsearchClientC
onfigurations.JsonbJson
pMapperConfiguration:
      Did not match:
         - 
@ConditionalOnBean did 
not find required type 
'jakarta.json.bind.Json
b' (OnBeanCondition)
         - 
@ConditionalOnBean 
(types: jakarta.json.bi
nd.Jsonb; 
SearchStrategy: all) 
did not find any beans 
of type jakarta.json.bi
nd.Jsonb 
(OnBeanCondition)

   ElasticsearchClientC
onfigurations.SimpleJso
npMapperConfiguration:
      Did not match:
         - @Conditional
OnMissingBean (types: c
o.elastic.clients.json.
JsonpMapper; 
SearchStrategy: all) 
found beans of type 'co
.elastic.clients.json.J
sonpMapper' 
jacksonJsonpMapper 
(OnBeanCondition)

   ElasticsearchRestCli
entConfigurations.RestC
lientSnifferConfigurati
on:
      Did not match:
         - 
@ConditionalOnProperty 
(spring.elasticsearch.r
estclient.sniffer.enabl
ed) did not find 
property 'spring.elasti
csearch.restclient.snif
fer.enabled' 
(OnPropertyCondition)

   ElasticsearchRestHea
lthContributorAutoConfi
guration:
      Did not match:
         - 
@ConditionalOnClass 
did not find required 
class 'org.springframew
ork.boot.health.autocon
figure.contributor.Cond
itionalOnEnabledHealthI
ndicator' 
(OnClassCondition)

   GsonHttpMessageConve
rtersConfiguration:
      Did not match:
         - 
@ConditionalOnClass 
did not find required 
class 
'com.google.gson.Gson' 
(OnClassCondition)

   HibernateMetricsAuto
Configuration:
      Did not match:
         - 
@ConditionalOnClass 
did not find required 
class 'io.micrometer.co
re.instrument.MeterRegi
stry' 
(OnClassCondition)

   Jackson2HttpMessageC
onvertersConfiguration.
MappingJackson2HttpMess
ageConverterConfigurati
on:
      Did not match:
         - 
AnyNestedCondition 0 
matched 2 did not; 
NestedCondition on Jack
son2HttpMessageConverte
rsConfiguration.PreferJ
ackson2OrJacksonUnavail
ableCondition.JacksonUn
available @ConditionalO
nMissingBean (types: or
g.springframework.boot.
http.converter.autoconf
igure.JacksonHttpMessag
eConvertersConfiguratio
n$JacksonJsonHttpMessag
eConvertersCustomizer; 
SearchStrategy: all) 
found beans of type 'or
g.springframework.boot.
http.converter.autoconf
igure.JacksonHttpMessag
eConvertersConfiguratio
n$JacksonJsonHttpMessag
eConvertersCustomizer' 
jacksonJsonHttpMessageC
onvertersCustomizer; 
NestedCondition on Jack
son2HttpMessageConverte
rsConfiguration.PreferJ
ackson2OrJacksonUnavail
ableCondition.Jackson2P
referred 
@ConditionalOnProperty 
(spring.http.converters
.preferred-json-mapper=
jackson2) did not find 
property 'spring.http.c
onverters.preferred-jso
n-mapper' (Jackson2Http
MessageConvertersConfig
uration.PreferJackson2O
rJacksonUnavailableCond
ition)
      Matched:
         - 
@ConditionalOnClass 
found required class 'c
om.fasterxml.jackson.da
tabind.ObjectMapper' 
(OnClassCondition)

   Jackson2HttpMessageC
onvertersConfiguration.
MappingJackson2XmlHttpM
essageConverterConfigur
ation:
      Did not match:
         - 
@ConditionalOnClass 
did not find required 
class 'com.fasterxml.ja
ckson.dataformat.xml.Xm
lMapper' 
(OnClassCondition)

   JacksonAutoConfigura
tion.CborConfiguration:
      Did not match:
         - 
@ConditionalOnClass 
did not find required 
class 'tools.jackson.da
taformat.cbor.CBORMappe
r' (OnClassCondition)

   JacksonAutoConfigura
tion.XmlConfiguration:
      Did not match:
         - 
@ConditionalOnClass 
did not find required 
class 'tools.jackson.da
taformat.xml.XmlMapper'
 (OnClassCondition)

   JacksonHttpMessageCo
nvertersConfiguration.J
acksonXmlHttpMessageCon
verterConfiguration:
      Did not match:
         - 
@ConditionalOnClass 
did not find required 
class 'tools.jackson.da
taformat.xml.XmlMapper'
 (OnClassCondition)

   JedisConnectionConfi
guration:
      Did not match:
         - 
@ConditionalOnClass 
did not find required 
classes 'org.apache.com
mons.pool2.impl.Generic
ObjectPool', 'redis.cli
ents.jedis.Jedis' 
(OnClassCondition)

   
JmxAutoConfiguration:
      Did not match:
         - @Conditional
OnBooleanProperty (spri
ng.jmx.enabled=true) 
found different value 
in property 
'spring.jmx.enabled' 
(OnPropertyCondition)
      Matched:
         - 
@ConditionalOnClass 
found required class 'o
rg.springframework.jmx.
export.MBeanExporter' 
(OnClassCondition)

   JndiDataSourceAutoCo
nfiguration:
      Did not match:
         - 
@ConditionalOnProperty 
(spring.datasource.jndi
-name) did not find 
property 'spring.dataso
urce.jndi-name' 
(OnPropertyCondition)
      Matched:
         - 
@ConditionalOnClass 
found required classes 
'javax.sql.DataSource',
 'org.springframework.j
dbc.datasource.embedded
.EmbeddedDatabaseType' 
(OnClassCondition)

   
JndiJtaConfiguration:
      Did not match:
         - 
@ConditionalOnJndi 
JNDI environment is 
not available 
(OnJndiCondition)
      Matched:
         - 
@ConditionalOnClass 
found required class 'o
rg.springframework.tran
saction.jta.JtaTransact
ionManager' 
(OnClassCondition)

   JsonbHttpMessageConv
ertersConfiguration:
      Did not match:
         - 
@ConditionalOnClass 
did not find required 
class 'jakarta.json.bin
d.Jsonb' 
(OnClassCondition)

   KotlinSerializationH
ttpMessageConvertersCon
figuration:
      Did not match:
         - 
@ConditionalOnClass 
did not find required 
classes 'kotlinx.serial
ization.Serializable', 
'kotlinx.serialization.
json.Json' 
(OnClassCondition)

   LettuceConnectionCon
figuration#redisConnect
ionFactoryVirtualThread
s:
      Did not match:
         - @Conditional
OnMissingBean (types: o
rg.springframework.data
.redis.connection.Redis
ConnectionFactory; 
SearchStrategy: all) 
found beans of type 'or
g.springframework.data.
redis.connection.RedisC
onnectionFactory' 
redisConnectionFactory 
(OnBeanCondition)

   LettuceObservationAu
toConfiguration:
      Did not match:
         - 
@ConditionalOnBean 
(types: io.micrometer.o
bservation.ObservationR
egistry; 
SearchStrategy: all) 
did not find any beans 
of type io.micrometer.o
bservation.ObservationR
egistry 
(OnBeanCondition)
      Matched:
         - 
@ConditionalOnClass 
found required classes 
'io.lettuce.core.RedisC
lient', 'io.lettuce.cor
e.tracing.MicrometerTra
cing', 'io.micrometer.o
bservation.ObservationR
egistry' 
(OnClassCondition)

   ManagementWebSecurit
yAutoConfiguration:
      Did not match:
         - 
@ConditionalOnClass 
did not find required 
class 'org.springframew
ork.boot.actuate.autoco
nfigure.endpoint.web.We
bEndpointAutoConfigurat
ion' (OnClassCondition)

   MessageSourceAutoCon
figuration:
      Did not match:
         - 
ResourceBundle did not 
find bundle with 
basename messages (Mess
ageSourceAutoConfigurat
ion.ResourceBundleCondi
tion)

   ProjectInfoAutoConfi
guration#buildPropertie
s:
      Did not match:
         - 
@ConditionalOnResource 
did not find resource '
${spring.info.build.loc
ation:classpath:META-IN
F/build-info.properties
}' 
(OnResourceCondition)

   ProjectInfoAutoConfi
guration#gitProperties:
      Did not match:
         - GitResource 
did not find git info 
at classpath:git.proper
ties (ProjectInfoAutoCo
nfiguration.GitResource
AvailableCondition)

   RSocketSecurityAutoC
onfiguration:
      Did not match:
         - 
@ConditionalOnClass 
did not find required 
class 'org.springframew
ork.boot.rsocket.server
.RSocketServerCustomize
r' (OnClassCondition)

   ReactiveManagementWe
bSecurityAutoConfigurat
ion:
      Did not match:
         - 
@ConditionalOnClass 
did not find required 
class 'org.springframew
ork.boot.actuate.autoco
nfigure.endpoint.web.We
bEndpointAutoConfigurat
ion' (OnClassCondition)

   ReactiveUserDetailsS
erviceAutoConfiguration
:
      Did not match:
         - 
AnyNestedCondition 0 
matched 2 did not; 
NestedCondition on Reac
tiveUserDetailsServiceA
utoConfiguration.RSocke
tEnabledOrReactiveWebAp
plication.ReactiveWebAp
plicationCondition did 
not find reactive web 
application classes; 
NestedCondition on Reac
tiveUserDetailsServiceA
utoConfiguration.RSocke
tEnabledOrReactiveWebAp
plication.RSocketSecuri
tyEnabledCondition 
@ConditionalOnBean 
(types: org.springframe
work.messaging.rsocket.
annotation.support.RSoc
ketMessageHandler; 
SearchStrategy: all) 
did not find any beans 
of type org.springframe
work.messaging.rsocket.
annotation.support.RSoc
ketMessageHandler (Reac
tiveUserDetailsServiceA
utoConfiguration.RSocke
tEnabledOrReactiveWebAp
plication)
      Matched:
         - 
@ConditionalOnClass 
found required class 'o
rg.springframework.secu
rity.authentication.Rea
ctiveAuthenticationMana
ger' (OnClassCondition)
         - 
AnyNestedCondition 1 
matched 2 did not; 
NestedCondition on Miss
ingAlternativeUserDetai
lsManagerOrUserProperti
esConfigured.PasswordCo
nfigured 
@ConditionalOnProperty 
(spring.security.user.p
assword) did not find 
property 'spring.securi
ty.user.password'; 
NestedCondition on Miss
ingAlternativeUserDetai
lsManagerOrUserProperti
esConfigured.NameConfig
ured 
@ConditionalOnProperty 
(spring.security.user.n
ame) did not find 
property 'spring.securi
ty.user.name'; 
NestedCondition on Miss
ingAlternativeUserDetai
lsManagerOrUserProperti
esConfigured.MissingAlt
ernative @ConditionalOn
MissingClass did not 
find unwanted classes '
org.springframework.sec
urity.oauth2.client.reg
istration.ClientRegistr
ationRepository', 'org.
springframework.securit
y.oauth2.server.resourc
e.introspection.OpaqueT
okenIntrospector', 'org
.springframework.securi
ty.saml2.provider.servi
ce.registration.Relying
PartyRegistrationReposi
tory' (MissingAlternati
veUserDetailsManagerOrU
serPropertiesConfigured
)

   ReactiveWebSecurityA
utoConfiguration:
      Did not match:
         - 
@ConditionalOnClass 
did not find required 
class 'org.springframew
ork.web.reactive.config
.WebFluxConfigurer' 
(OnClassCondition)

   SecurityAutoConfigur
ation.SecurityDataConfi
guration:
      Did not match:
         - 
@ConditionalOnClass 
did not find required 
class 'org.springframew
ork.security.data.repos
itory.query.SecurityEva
luationContextExtension
' (OnClassCondition)

   ServletHttpExchanges
AutoConfiguration:
      Did not match:
         - 
@ConditionalOnBean did 
not find required type 
'org.springframework.bo
ot.actuate.web.exchange
s.HttpExchangeRepositor
y' (OnBeanCondition)

   ServletManagementCon
textAutoConfiguration:
      Did not match:
         - 
@ConditionalOnClass 
did not find required 
class 'org.springframew
ork.boot.actuate.autoco
nfigure.endpoint.web.We
bEndpointProperties' 
(OnClassCondition)

   ServletMappingsAutoC
onfiguration:
      Did not match:
         - 
@ConditionalOnClass 
did not find required 
class 'org.springframew
ork.boot.actuate.autoco
nfigure.endpoint.condit
ion.ConditionalOnAvaila
bleEndpoint' 
(OnClassCondition)

   ServletWebSecurityAu
toConfiguration.EnableW
ebSecurityConfiguration
:
      Did not match:
         - @Conditional
OnMissingBean (names: s
pringSecurityFilterChai
n; SearchStrategy: 
all) found beans named 
springSecurityFilterCha
in (OnBeanCondition)
      Matched:
         - 
@ConditionalOnClass 
found required class 'o
rg.springframework.secu
rity.config.annotation.
web.configuration.Enabl
eWebSecurity' 
(OnClassCondition)

   ServletWebSecurityAu
toConfiguration.Securit
yFilterChainConfigurati
on:
      Did not match:
         - 
AllNestedConditions 1 
matched 1 did not; 
NestedCondition on Defa
ultWebSecurityCondition
.Beans @ConditionalOnMi
ssingBean (types: org.s
pringframework.security
.web.SecurityFilterChai
n; SearchStrategy: 
all) found beans of 
type 'org.springframewo
rk.security.web.Securit
yFilterChain' 
filterChain; 
NestedCondition on Defa
ultWebSecurityCondition
.Classes 
@ConditionalOnClass 
found required classes 
'org.springframework.se
curity.web.SecurityFilt
erChain', 'org.springfr
amework.security.config
.annotation.web.builder
s.HttpSecurity' (Defaul
tWebSecurityCondition)

   ServletWebServerConf
iguration#forwardedHead
erFilter:
      Did not match:
         - 
@ConditionalOnProperty 
(server.forward-headers
-strategy=framework) 
did not find property '
server.forward-headers-
strategy' 
(OnPropertyCondition)

   SpringApplicationAdm
inJmxAutoConfiguration:
      Did not match:
         - @Conditional
OnBooleanProperty (spri
ng.application.admin.en
abled=true) did not 
find property 'spring.a
pplication.admin.enable
d' 
(OnPropertyCondition)

   TaskExecutorConfigur
ations.AsyncConfigurerW
rapperConfiguration:
      Did not match:
         - 
@ConditionalOnBean 
(types: org.springframe
work.scheduling.annotat
ion.AsyncConfigurer; 
SearchStrategy: all) 
did not find any beans 
of type org.springframe
work.scheduling.annotat
ion.AsyncConfigurer 
(OnBeanCondition)

   TaskExecutorConfigur
ations.SimpleAsyncTaskE
xecutorBuilderConfigura
tion#simpleAsyncTaskExe
cutorBuilderVirtualThre
ads:
      Did not match:
         - @Conditional
OnMissingBean (types: o
rg.springframework.boot
.task.SimpleAsyncTaskEx
ecutorBuilder; 
SearchStrategy: all) 
found beans of type 'or
g.springframework.boot.
task.SimpleAsyncTaskExe
cutorBuilder' simpleAsy
ncTaskExecutorBuilder 
(OnBeanCondition)

   TaskExecutorConfigur
ations.TaskExecutorConf
iguration#applicationTa
skExecutorVirtualThread
s:
      Did not match:
         - @Conditional
OnThreading did not 
find VIRTUAL 
(OnThreadingCondition)

   TaskSchedulingAutoCo
nfiguration#scheduledBe
anLazyInitializationExc
ludeFilter:
      Did not match:
2026-02-24T02:49:37.351+05:30  INFO 5376 --- [food-ordering] [           main] .s.b.a.l.ConditionEvaluationReportLogger : 

Error starting ApplicationContext. To display the condition evaluation report re-run your application with 'debug' enabled.
         - 
@ConditionalOnBean 
(names: org.springframe
work.scheduling.config.
internalScheduledAnnota
tionProcessor; 
SearchStrategy: all) 
did not find any beans 
named org.springframewo
rk.scheduling.config.in
ternalScheduledAnnotati
onProcessor 
(OnBeanCondition)

   TaskSchedulingConfig
urations.SimpleAsyncTas
kSchedulerBuilderConfig
uration#simpleAsyncTask
SchedulerBuilderVirtual
Threads:
      Did not match:
         - @Conditional
OnMissingBean (types: o
rg.springframework.boot
.task.SimpleAsyncTaskSc
hedulerBuilder; 
SearchStrategy: all) 
found beans of type 'or
g.springframework.boot.
task.SimpleAsyncTaskSch
edulerBuilder' simpleAs
yncTaskSchedulerBuilder
 (OnBeanCondition)

   TaskSchedulingConfig
urations.TaskSchedulerC
onfiguration:
      Did not match:
         - 
@ConditionalOnBean 
(names: org.springframe
work.scheduling.config.
internalScheduledAnnota
tionProcessor; 
SearchStrategy: all) 
did not find any beans 
named org.springframewo
rk.scheduling.config.in
ternalScheduledAnnotati
onProcessor 
(OnBeanCondition)

   TomcatMetricsAutoCon
figuration:
      Did not match:
         - 
@ConditionalOnClass 
did not find required 
class 'io.micrometer.co
re.instrument.binder.to
mcat.TomcatMetrics' 
(OnClassCondition)

   TomcatReactiveManage
mentContextAutoConfigur
ation:
      Did not match:
2026-02-24T02:49:37.450+05:30 ERROR 5376 --- [food-ordering] [           main] o.s.boot.SpringApplication               : Application run failed

org.springframework.beans.factory.BeanCreationException: Error creating bean with name 'entityManagerFactory' defined in class path resource [org/springframework/boot/hibernate/autoconfigure/HibernateJpaConfiguration.class]: Failed to initialize dependency 'dataSourceScriptDatabaseInitializer' of LoadTimeWeaverAware bean 'entityManagerFactory': Error creating bean with name 'dataSourceScriptDatabaseInitializer' defined in class path resource [org/springframework/boot/jdbc/autoconfigure/DataSourceInitializationAutoConfiguration.class]: Failed to execute SQL script statement #1 of file [C:\Users\dell\practice-project\backend\target\classes\data.sql]: INSERT INTO users (id, phone_or_email, role, password_hash, created_at) VALUES (gen_random_uuid(), 'admin@fooddash.com', 'ADMIN', 'admin123', NOW()) ON CONFLICT (phone_or_email) DO NOTHING
	at org.springframework.beans.factory.support.AbstractBeanFactory.doGetBean(AbstractBeanFactory.java:322) ~[spring-beans-7.0.5.jar:7.0.5]
	at org.springframework.beans.factory.support.AbstractBeanFactory.getBean(AbstractBeanFactory.java:201) ~[spring-beans-7.0.5.jar:7.0.5]
	at org.springframework.context.support.AbstractApplicationContext.finishBeanFactoryInitialization(AbstractApplicationContext.java:977) ~[spring-context-7.0.5.jar:7.0.5]
	at org.springframework.context.support.AbstractApplicationContext.refresh(AbstractApplicationContext.java:621) ~[spring-context-7.0.5.jar:7.0.5]
	at org.springframework.boot.SpringApplication.refresh(SpringApplication.java:756) ~[spring-boot-4.0.3.jar:4.0.3]
	at org.springframework.boot.SpringApplication.refreshContext(SpringApplication.java:445) ~[spring-boot-4.0.3.jar:4.0.3]
	at org.springframework.boot.SpringApplication.run(SpringApplication.java:321) ~[spring-boot-4.0.3.jar:4.0.3]
	at org.springframework.boot.test.context.SpringBootContextLoader.lambda$loadContext$2(SpringBootContextLoader.java:156) ~[spring-boot-test-4.0.3.jar:4.0.3]
	at org.springframework.util.function.ThrowingSupplier.get(ThrowingSupplier.java:58) ~[spring-core-7.0.5.jar:7.0.5]
	at org.springframework.util.function.ThrowingSupplier.get(ThrowingSupplier.java:46) ~[spring-core-7.0.5.jar:7.0.5]
	at org.springframework.boot.SpringApplication.withHook(SpringApplication.java:1465) ~[spring-boot-4.0.3.jar:4.0.3]
	at org.springframework.boot.test.context.SpringBootContextLoader$ContextLoaderHook.run(SpringBootContextLoader.java:605) ~[spring-boot-test-4.0.3.jar:4.0.3]
	at org.springframework.boot.test.context.SpringBootContextLoader.loadContext(SpringBootContextLoader.java:156) ~[spring-boot-test-4.0.3.jar:4.0.3]
	at org.springframework.boot.test.context.SpringBootContextLoader.loadContext(SpringBootContextLoader.java:115) ~[spring-boot-test-4.0.3.jar:4.0.3]
	at org.springframework.test.context.cache.DefaultCacheAwareContextLoaderDelegate.loadContextInternal(DefaultCacheAwareContextLoaderDelegate.java:247) ~[spring-test-7.0.5.jar:7.0.5]
	at org.springframework.test.context.cache.DefaultCacheAwareContextLoaderDelegate.lambda$loadContext$0(DefaultCacheAwareContextLoaderDelegate.java:167) ~[spring-test-7.0.5.jar:7.0.5]
	at org.springframework.test.context.cache.DefaultContextCache.put(DefaultContextCache.java:214) ~[spring-test-7.0.5.jar:7.0.5]
	at org.springframework.test.context.cache.DefaultCacheAwareContextLoaderDelegate.loadContext(DefaultCacheAwareContextLoaderDelegate.java:160) ~[spring-test-7.0.5.jar:7.0.5]
	at org.springframework.test.context.support.DefaultTestContext.getApplicationContext(DefaultTestContext.java:128) ~[spring-test-7.0.5.jar:7.0.5]
	at org.springframework.test.context.web.ServletTestExecutionListener.setUpRequestContextIfNecessary(ServletTestExecutionListener.java:200) ~[spring-test-7.0.5.jar:7.0.5]
	at org.springframework.test.context.web.ServletTestExecutionListener.prepareTestInstance(ServletTestExecutionListener.java:139) ~[spring-test-7.0.5.jar:7.0.5]
	at org.springframework.test.context.TestContextManager.prepareTestInstance(TestContextManager.java:260) ~[spring-test-7.0.5.jar:7.0.5]
	at org.springframework.test.context.junit.jupiter.SpringExtension.postProcessTestInstance(SpringExtension.java:210) ~[spring-test-7.0.5.jar:7.0.5]
	at org.junit.jupiter.engine.descriptor.ClassBasedTestDescriptor.lambda$invokeTestInstancePostProcessors$1(ClassBasedTestDescriptor.java:423) ~[junit-jupiter-engine-6.0.3.jar:6.0.3]
	at org.junit.jupiter.engine.descriptor.ClassBasedTestDescriptor.executeAndMaskThrowable(ClassBasedTestDescriptor.java:428) ~[junit-jupiter-engine-6.0.3.jar:6.0.3]
         - 
@ConditionalOnClass 
did not find required 
class 'org.springframew
ork.boot.actuate.autoco
nfigure.web.server.Mana
gementContextFactory' 
(OnClassCondition)

   TomcatReactiveWebSer
verAutoConfiguration:
      Did not match:
         - @Conditional
OnWebApplication did 
not find reactive web 
application classes (On
WebApplicationCondition
)

   TomcatServletManagem
entContextAutoConfigura
tion:
      Did not match:
         - 
@ConditionalOnClass 
did not find required 
class 'org.springframew
ork.boot.actuate.autoco
nfigure.web.server.Mana
gementContextFactory' 
(OnClassCondition)

   TomcatServletWebServ
erAutoConfiguration#tom
catForwardedHeaderFilte
rCustomizer:
      Did not match:
         - 
@ConditionalOnProperty 
(server.forward-headers
-strategy=framework) 
did not find property '
server.forward-headers-
strategy' 
(OnPropertyCondition)

   TomcatWebServerConfi
guration:
      Did not match:
         - Application 
is deployed as a WAR 
file. (OnWarDeploymentC
ondition)

   TransactionAutoConfi
guration#transactionalO
perator:
      Did not match:
         - @Conditional
OnSingleCandidate 
(types: org.springframe
work.transaction.Reacti
veTransactionManager; 
SearchStrategy: all) 
did not find any beans 
(OnBeanCondition)

   TransactionAutoConfi
guration.AspectJTransac
tionManagementConfigura
tion:
      Did not match:
         - 
@ConditionalOnBean 
(types: org.springframe
work.transaction.aspect
j.AbstractTransactionAs
pect; SearchStrategy: 
all) did not find any 
beans of type org.sprin
gframework.transaction.
aspectj.AbstractTransac
tionAspect 
(OnBeanCondition)

   TransactionAutoConfi
guration.EnableTransact
ionManagementConfigurat
ion.JdkDynamicAutoProxy
Configuration:
      Did not match:
         - @Conditional
OnBooleanProperty (spri
ng.aop.proxy-target-cla
ss=false) did not find 
property 'spring.aop.pr
oxy-target-class' 
(OnPropertyCondition)

   WebMvcAutoConfigurat
ion#hiddenHttpMethodFil
ter:
      Did not match:
         - @Conditional
OnBooleanProperty (spri
ng.mvc.hiddenmethod.fil
ter.enabled=true) did 
not find property 'spri
ng.mvc.hiddenmethod.fil
ter.enabled' 
(OnPropertyCondition)

   WebMvcAutoConfigurat
ion.ProblemDetailsError
HandlingConfiguration:
      Did not match:
         - @Conditional
OnBooleanProperty (spri
ng.mvc.problemdetails.e
nabled=true) did not 
find property 'spring.m
vc.problemdetails.enabl
ed' 
(OnPropertyCondition)

   WebMvcAutoConfigurat
ion.ResourceChainCustom
izerConfiguration:
      Did not match:
         - @Conditional
OnEnabledResourceChain 
did not find class org.
webjars.WebJarVersionLo
cator (OnEnabledResourc
eChainCondition)

   WebMvcAutoConfigurat
ion.WebMvcAutoConfigura
tionAdapter#beanNameVie
wResolver:
      Did not match:
         - @Conditional
OnMissingBean (types: o
rg.springframework.web.
servlet.view.BeanNameVi
ewResolver; 
SearchStrategy: all) 
found beans of type 'or
g.springframework.web.s
ervlet.view.BeanNameVie
wResolver' 
beanNameViewResolver 
(OnBeanCondition)

   WebMvcHealthEndpoint
ExtensionAutoConfigurat
ion:
      Did not match:
         - 
@ConditionalOnClass 
did not find required 
class 'org.springframew
ork.boot.health.actuate
.endpoint.HealthEndpoin
t' (OnClassCondition)

   WebMvcMappingsAutoCo
nfiguration:
      Did not match:
         - 
@ConditionalOnClass 
did not find required 
class 'org.springframew
ork.boot.actuate.autoco
nfigure.endpoint.condit
ion.ConditionalOnAvaila
bleEndpoint' 
(OnClassCondition)

   WebMvcObservationAut
oConfiguration:
      Did not match:
         - 
@ConditionalOnClass 
did not find required 
class 'org.springframew
ork.boot.micrometer.obs
ervation.autoconfigure.
ObservationProperties' 
(OnClassCondition)

   XADataSourceAutoConf
iguration:
      Did not match:
         - 
@ConditionalOnBean 
(types: org.springframe
work.boot.jdbc.XADataSo
urceWrapper; 
SearchStrategy: all) 
did not find any beans 
of type org.springframe
work.boot.jdbc.XADataSo
urceWrapper 
(OnBeanCondition)
      Matched:
         - 
@ConditionalOnClass 
found required classes 
'javax.sql.DataSource',
 'jakarta.transaction.T
ransactionManager', 'or
g.springframework.jdbc.
datasource.embedded.Emb
eddedDatabaseType' 
(OnClassCondition)


Exclusions:
-----------

    None


Unconditional classes:
----------------------

    org.springframework
.boot.autoconfigure.con
text.ConfigurationPrope
rtiesAutoConfiguration

    org.springframework
.boot.autoconfigure.ssl
.SslAutoConfiguration

    org.springframework
.boot.autoconfigure.con
text.PropertyPlaceholde
rAutoConfiguration

    org.springframework
.boot.autoconfigure.con
text.LifecycleAutoConfi
guration

    org.springframework
.boot.autoconfigure.ava
ilability.ApplicationAv
ailabilityAutoConfigura
tion

    org.springframework
.boot.autoconfigure.inf
o.ProjectInfoAutoConfig
uration



	at org.junit.jupiter.engine.descriptor.ClassBasedTestDescriptor.lambda$invokeTestInstancePostProcessors$0(ClassBasedTestDescriptor.java:422) ~[junit-jupiter-engine-6.0.3.jar:6.0.3]
	at java.base/java.util.stream.ForEachOps$ForEachOp$OfRef.accept(ForEachOps.java:184) ~[na:na]
	at java.base/java.util.stream.ReferencePipeline$3$1.accept(ReferencePipeline.java:197) ~[na:na]
	at java.base/java.util.stream.ReferencePipeline$2$1.accept(ReferencePipeline.java:179) ~[na:na]
	at java.base/java.util.stream.ReferencePipeline$3$1.accept(ReferencePipeline.java:197) ~[na:na]
	at java.base/java.util.ArrayList$ArrayListSpliterator.forEachRemaining(ArrayList.java:1708) ~[na:na]
	at java.base/java.util.stream.AbstractPipeline.copyInto(AbstractPipeline.java:509) ~[na:na]
	at java.base/java.util.stream.AbstractPipeline.wrapAndCopyInto(AbstractPipeline.java:499) ~[na:na]
	at java.base/java.util.stream.ForEachOps$ForEachOp.evaluateSequential(ForEachOps.java:151) ~[na:na]
	at java.base/java.util.stream.ForEachOps$ForEachOp$OfRef.evaluateSequential(ForEachOps.java:174) ~[na:na]
	at java.base/java.util.stream.AbstractPipeline.evaluate(AbstractPipeline.java:234) ~[na:na]
	at java.base/java.util.stream.ReferencePipeline.forEach(ReferencePipeline.java:596) ~[na:na]
	at org.junit.jupiter.engine.descriptor.ClassBasedTestDescriptor.invokeTestInstancePostProcessors(ClassBasedTestDescriptor.java:422) ~[junit-jupiter-engine-6.0.3.jar:6.0.3]
	at org.junit.jupiter.engine.descriptor.ClassBasedTestDescriptor.lambda$instantiateAndPostProcessTestInstance$0(ClassBasedTestDescriptor.java:334) ~[junit-jupiter-engine-6.0.3.jar:6.0.3]
	at org.junit.platform.engine.support.hierarchical.ThrowableCollector.execute(ThrowableCollector.java:74) ~[junit-platform-engine-6.0.3.jar:6.0.3]
	at org.junit.jupiter.engine.descriptor.ClassBasedTestDescriptor.instantiateAndPostProcessTestInstance(ClassBasedTestDescriptor.java:333) ~[junit-jupiter-engine-6.0.3.jar:6.0.3]
	at org.junit.jupiter.engine.descriptor.ClassBasedTestDescriptor.lambda$testInstancesProvider$1(ClassBasedTestDescriptor.java:322) ~[junit-jupiter-engine-6.0.3.jar:6.0.3]
	at java.base/java.util.Optional.orElseGet(Optional.java:364) ~[na:na]
	at org.junit.jupiter.engine.descriptor.ClassBasedTestDescriptor.lambda$testInstancesProvider$0(ClassBasedTestDescriptor.java:321) ~[junit-jupiter-engine-6.0.3.jar:6.0.3]
	at org.junit.jupiter.engine.execution.TestInstancesProvider.getTestInstances(TestInstancesProvider.java:27) ~[junit-jupiter-engine-6.0.3.jar:6.0.3]
	at org.junit.jupiter.engine.descriptor.TestMethodTestDescriptor.lambda$prepare$0(TestMethodTestDescriptor.java:127) ~[junit-jupiter-engine-6.0.3.jar:6.0.3]
	at org.junit.platform.engine.support.hierarchical.ThrowableCollector.execute(ThrowableCollector.java:74) ~[junit-platform-engine-6.0.3.jar:6.0.3]
	at org.junit.jupiter.engine.descriptor.TestMethodTestDescriptor.prepare(TestMethodTestDescriptor.java:126) ~[junit-jupiter-engine-6.0.3.jar:6.0.3]
	at org.junit.jupiter.engine.descriptor.TestMethodTestDescriptor.prepare(TestMethodTestDescriptor.java:70) ~[junit-jupiter-engine-6.0.3.jar:6.0.3]
	at org.junit.platform.engine.support.hierarchical.NodeTestTask.lambda$prepare$0(NodeTestTask.java:144) ~[junit-platform-engine-6.0.3.jar:6.0.3]
	at org.junit.platform.engine.support.hierarchical.ThrowableCollector.execute(ThrowableCollector.java:74) ~[junit-platform-engine-6.0.3.jar:6.0.3]
	at org.junit.platform.engine.support.hierarchical.NodeTestTask.prepare(NodeTestTask.java:144) ~[junit-platform-engine-6.0.3.jar:6.0.3]
	at org.junit.platform.engine.support.hierarchical.NodeTestTask.execute(NodeTestTask.java:110) ~[junit-platform-engine-6.0.3.jar:6.0.3]
	at java.base/java.util.ArrayList.forEach(ArrayList.java:1596) ~[na:na]
	at org.junit.platform.engine.support.hierarchical.SameThreadHierarchicalTestExecutorService.invokeAll(SameThreadHierarchicalTestExecutorService.java:42) ~[junit-platform-engine-6.0.3.jar:6.0.3]
	at org.junit.platform.engine.support.hierarchical.NodeTestTask.lambda$executeRecursively$2(NodeTestTask.java:180) ~[junit-platform-engine-6.0.3.jar:6.0.3]
	at org.junit.platform.engine.support.hierarchical.ThrowableCollector.execute(ThrowableCollector.java:74) ~[junit-platform-engine-6.0.3.jar:6.0.3]
	at org.junit.platform.engine.support.hierarchical.NodeTestTask.lambda$executeRecursively$1(NodeTestTask.java:166) ~[junit-platform-engine-6.0.3.jar:6.0.3]
	at org.junit.platform.engine.support.hierarchical.Node.around(Node.java:138) ~[junit-platform-engine-6.0.3.jar:6.0.3]
	at org.junit.platform.engine.support.hierarchical.NodeTestTask.lambda$executeRecursively$0(NodeTestTask.java:164) ~[junit-platform-engine-6.0.3.jar:6.0.3]
	at org.junit.platform.engine.support.hierarchical.ThrowableCollector.execute(ThrowableCollector.java:74) ~[junit-platform-engine-6.0.3.jar:6.0.3]
	at org.junit.platform.engine.support.hierarchical.NodeTestTask.executeRecursively(NodeTestTask.java:163) ~[junit-platform-engine-6.0.3.jar:6.0.3]
	at org.junit.platform.engine.support.hierarchical.NodeTestTask.execute(NodeTestTask.java:116) ~[junit-platform-engine-6.0.3.jar:6.0.3]
	at java.base/java.util.ArrayList.forEach(ArrayList.java:1596) ~[na:na]
	at org.junit.platform.engine.support.hierarchical.SameThreadHierarchicalTestExecutorService.invokeAll(SameThreadHierarchicalTestExecutorService.java:42) ~[junit-platform-engine-6.0.3.jar:6.0.3]
	at org.junit.platform.engine.support.hierarchical.NodeTestTask.lambda$executeRecursively$2(NodeTestTask.java:180) ~[junit-platform-engine-6.0.3.jar:6.0.3]
	at org.junit.platform.engine.support.hierarchical.ThrowableCollector.execute(ThrowableCollector.java:74) ~[junit-platform-engine-6.0.3.jar:6.0.3]
	at org.junit.platform.engine.support.hierarchical.NodeTestTask.lambda$executeRecursively$1(NodeTestTask.java:166) ~[junit-platform-engine-6.0.3.jar:6.0.3]
	at org.junit.platform.engine.support.hierarchical.Node.around(Node.java:138) ~[junit-platform-engine-6.0.3.jar:6.0.3]
	at org.junit.platform.engine.support.hierarchical.NodeTestTask.lambda$executeRecursively$0(NodeTestTask.java:164) ~[junit-platform-engine-6.0.3.jar:6.0.3]
	at org.junit.platform.engine.support.hierarchical.ThrowableCollector.execute(ThrowableCollector.java:74) ~[junit-platform-engine-6.0.3.jar:6.0.3]
	at org.junit.platform.engine.support.hierarchical.NodeTestTask.executeRecursively(NodeTestTask.java:163) ~[junit-platform-engine-6.0.3.jar:6.0.3]
	at org.junit.platform.engine.support.hierarchical.NodeTestTask.execute(NodeTestTask.java:116) ~[junit-platform-engine-6.0.3.jar:6.0.3]
	at org.junit.platform.engine.support.hierarchical.SameThreadHierarchicalTestExecutorService.submit(SameThreadHierarchicalTestExecutorService.java:36) ~[junit-platform-engine-6.0.3.jar:6.0.3]
	at org.junit.platform.engine.support.hierarchical.HierarchicalTestExecutor.execute(HierarchicalTestExecutor.java:52) ~[junit-platform-engine-6.0.3.jar:6.0.3]
	at org.junit.platform.engine.support.hierarchical.HierarchicalTestEngine.execute(HierarchicalTestEngine.java:58) ~[junit-platform-engine-6.0.3.jar:6.0.3]
	at org.junit.platform.launcher.core.EngineExecutionOrchestrator.executeEngine(EngineExecutionOrchestrator.java:246) ~[junit-platform-launcher-6.0.3.jar:6.0.3]
	at org.junit.platform.launcher.core.EngineExecutionOrchestrator.failOrExecuteEngine(EngineExecutionOrchestrator.java:218) ~[junit-platform-launcher-6.0.3.jar:6.0.3]
	at org.junit.platform.launcher.core.EngineExecutionOrchestrator.execute(EngineExecutionOrchestrator.java:179) ~[junit-platform-launcher-6.0.3.jar:6.0.3]
	at org.junit.platform.launcher.core.EngineExecutionOrchestrator.execute(EngineExecutionOrchestrator.java:108) ~[junit-platform-launcher-6.0.3.jar:6.0.3]
	at org.junit.platform.launcher.core.EngineExecutionOrchestrator.lambda$execute$0(EngineExecutionOrchestrator.java:66) ~[junit-platform-launcher-6.0.3.jar:6.0.3]
	at org.junit.platform.launcher.core.EngineExecutionOrchestrator.withInterceptedStreams(EngineExecutionOrchestrator.java:157) ~[junit-platform-launcher-6.0.3.jar:6.0.3]
	at org.junit.platform.launcher.core.EngineExecutionOrchestrator.execute(EngineExecutionOrchestrator.java:65) ~[junit-platform-launcher-6.0.3.jar:6.0.3]
	at org.junit.platform.launcher.core.DefaultLauncher.execute(DefaultLauncher.java:125) ~[junit-platform-launcher-6.0.3.jar:6.0.3]
	at org.junit.platform.launcher.core.DefaultLauncher.execute(DefaultLauncher.java:114) ~[junit-platform-launcher-6.0.3.jar:6.0.3]
	at org.junit.platform.launcher.core.DelegatingLauncher.execute(DelegatingLauncher.java:58) ~[junit-platform-launcher-6.0.3.jar:6.0.3]
	at org.junit.platform.launcher.core.InterceptingLauncher.lambda$execute$2(InterceptingLauncher.java:57) ~[junit-platform-launcher-6.0.3.jar:6.0.3]
	at org.junit.platform.launcher.core.ClasspathAlignmentCheckingLauncherInterceptor.intercept(ClasspathAlignmentCheckingLauncherInterceptor.java:25) ~[junit-platform-launcher-6.0.3.jar:6.0.3]
	at org.junit.platform.launcher.core.InterceptingLauncher.execute(InterceptingLauncher.java:56) ~[junit-platform-launcher-6.0.3.jar:6.0.3]
	at org.junit.platform.launcher.core.DelegatingLauncher.execute(DelegatingLauncher.java:58) ~[junit-platform-launcher-6.0.3.jar:6.0.3]
	at java.base/jdk.internal.reflect.DirectMethodHandleAccessor.invoke(DirectMethodHandleAccessor.java:103) ~[na:na]
	at java.base/java.lang.reflect.Method.invoke(Method.java:580) ~[na:na]
	at org.apache.maven.surefire.api.util.ReflectionUtils.invokeMethodWithArray(ReflectionUtils.java:125) ~[surefire-api-3.5.4.jar:3.5.4]
	at org.apache.maven.surefire.junitplatform.LauncherAdapter.executeWithCancellationToken(LauncherAdapter.java:68) ~[surefire-junit-platform-3.5.4.jar:3.5.4]
	at org.apache.maven.surefire.junitplatform.LauncherAdapter.execute(LauncherAdapter.java:54) ~[surefire-junit-platform-3.5.4.jar:3.5.4]
	at org.apache.maven.surefire.junitplatform.JUnitPlatformProvider.execute(JUnitPlatformProvider.java:203) ~[surefire-junit-platform-3.5.4.jar:3.5.4]
	at org.apache.maven.surefire.junitplatform.JUnitPlatformProvider.invokeAllTests(JUnitPlatformProvider.java:168) ~[surefire-junit-platform-3.5.4.jar:3.5.4]
	at org.apache.maven.surefire.junitplatform.JUnitPlatformProvider.invoke(JUnitPlatformProvider.java:136) ~[surefire-junit-platform-3.5.4.jar:3.5.4]
	at org.apache.maven.surefire.booter.ForkedBooter.runSuitesInProcess(ForkedBooter.java:385) ~[surefire-booter-3.5.4.jar:3.5.4]
	at org.apache.maven.surefire.booter.ForkedBooter.execute(ForkedBooter.java:162) ~[surefire-booter-3.5.4.jar:3.5.4]
	at org.apache.maven.surefire.booter.ForkedBooter.run(ForkedBooter.java:507) ~[surefire-booter-3.5.4.jar:3.5.4]
	at org.apache.maven.surefire.booter.ForkedBooter.main(ForkedBooter.java:495) ~[surefire-booter-3.5.4.jar:3.5.4]
Caused by: org.springframework.beans.factory.BeanCreationException: Error creating bean with name 'dataSourceScriptDatabaseInitializer' defined in class path resource [org/springframework/boot/jdbc/autoconfigure/DataSourceInitializationAutoConfiguration.class]: Failed to execute SQL script statement #1 of file [C:\Users\dell\practice-project\backend\target\classes\data.sql]: INSERT INTO users (id, phone_or_email, role, password_hash, created_at) VALUES (gen_random_uuid(), 'admin@fooddash.com', 'ADMIN', 'admin123', NOW()) ON CONFLICT (phone_or_email) DO NOTHING
	at org.springframework.beans.factory.support.AbstractAutowireCapableBeanFactory.initializeBean(AbstractAutowireCapableBeanFactory.java:1817) ~[spring-beans-7.0.5.jar:7.0.5]
	at org.springframework.beans.factory.support.AbstractAutowireCapableBeanFactory.doCreateBean(AbstractAutowireCapableBeanFactory.java:603) ~[spring-beans-7.0.5.jar:7.0.5]
	at org.springframework.beans.factory.support.AbstractAutowireCapableBeanFactory.createBean(AbstractAutowireCapableBeanFactory.java:525) ~[spring-beans-7.0.5.jar:7.0.5]
	at org.springframework.beans.factory.support.AbstractBeanFactory.lambda$doGetBean$0(AbstractBeanFactory.java:333) ~[spring-beans-7.0.5.jar:7.0.5]
	at org.springframework.beans.factory.support.DefaultSingletonBeanRegistry.getSingleton(DefaultSingletonBeanRegistry.java:371) ~[spring-beans-7.0.5.jar:7.0.5]
	at org.springframework.beans.factory.support.AbstractBeanFactory.doGetBean(AbstractBeanFactory.java:331) ~[spring-beans-7.0.5.jar:7.0.5]
	at org.springframework.beans.factory.support.AbstractBeanFactory.getBean(AbstractBeanFactory.java:196) ~[spring-beans-7.0.5.jar:7.0.5]
	at org.springframework.beans.factory.support.AbstractBeanFactory.doGetBean(AbstractBeanFactory.java:309) ~[spring-beans-7.0.5.jar:7.0.5]
	... 101 common frames omitted
Caused by: org.springframework.jdbc.datasource.init.ScriptStatementFailedException: Failed to execute SQL script statement #1 of file [C:\Users\dell\practice-project\backend\target\classes\data.sql]: INSERT INTO users (id, phone_or_email, role, password_hash, created_at) VALUES (gen_random_uuid(), 'admin@fooddash.com', 'ADMIN', 'admin123', NOW()) ON CONFLICT (phone_or_email) DO NOTHING
	at org.springframework.jdbc.datasource.init.ScriptUtils.executeSqlScript(ScriptUtils.java:293) ~[spring-jdbc-7.0.5.jar:7.0.5]
	at org.springframework.jdbc.datasource.init.ResourceDatabasePopulator.populate(ResourceDatabasePopulator.java:254) ~[spring-jdbc-7.0.5.jar:7.0.5]
	at org.springframework.jdbc.datasource.init.DatabasePopulatorUtils.execute(DatabasePopulatorUtils.java:54) ~[spring-jdbc-7.0.5.jar:7.0.5]
	at org.springframework.boot.jdbc.init.DataSourceScriptDatabaseInitializer.runScripts(DataSourceScriptDatabaseInitializer.java:87) ~[spring-boot-jdbc-4.0.3.jar:4.0.3]
	at org.springframework.boot.sql.init.AbstractScriptDatabaseInitializer.runScripts(AbstractScriptDatabaseInitializer.java:159) ~[spring-boot-sql-4.0.3.jar:4.0.3]
	at org.springframework.boot.sql.init.AbstractScriptDatabaseInitializer.applyScripts(AbstractScriptDatabaseInitializer.java:120) ~[spring-boot-sql-4.0.3.jar:4.0.3]
	at org.springframework.boot.sql.init.AbstractScriptDatabaseInitializer.applyDataScripts(AbstractScriptDatabaseInitializer.java:113) ~[spring-boot-sql-4.0.3.jar:4.0.3]
	at org.springframework.boot.sql.init.AbstractScriptDatabaseInitializer.initializeDatabase(AbstractScriptDatabaseInitializer.java:88) ~[spring-boot-sql-4.0.3.jar:4.0.3]
	at org.springframework.boot.sql.init.AbstractScriptDatabaseInitializer.afterPropertiesSet(AbstractScriptDatabaseInitializer.java:77) ~[spring-boot-sql-4.0.3.jar:4.0.3]
	at org.springframework.beans.factory.support.AbstractAutowireCapableBeanFactory.invokeInitMethods(AbstractAutowireCapableBeanFactory.java:1864) ~[spring-beans-7.0.5.jar:7.0.5]
	at org.springframework.beans.factory.support.AbstractAutowireCapableBeanFactory.initializeBean(AbstractAutowireCapableBeanFactory.java:1813) ~[spring-beans-7.0.5.jar:7.0.5]
	... 108 common frames omitted
Caused by: org.h2.jdbc.JdbcSQLSyntaxErrorException: Table "USERS" not found (this database is empty); SQL statement:
INSERT INTO users (id, phone_or_email, role, password_hash, created_at) VALUES (gen_random_uuid(), 'admin@fooddash.com', 'ADMIN', 'admin123', NOW()) ON CONFLICT (phone_or_email) DO NOTHING [42104-240]
	at org.h2.message.DbException.getJdbcSQLException(DbException.java:514) ~[h2-2.4.240.jar:2.4.240]
	at org.h2.message.DbException.getJdbcSQLException(DbException.java:489) ~[h2-2.4.240.jar:2.4.240]
	at org.h2.message.DbException.get(DbException.java:223) ~[h2-2.4.240.jar:2.4.240]
	at org.h2.message.DbException.get(DbException.java:199) ~[h2-2.4.240.jar:2.4.240]
	at org.h2.command.Parser.getTableOrViewNotFoundDbException(Parser.java:8036) ~[h2-2.4.240.jar:2.4.240]
	at org.h2.command.Parser.getTableOrViewNotFoundDbException(Parser.java:8020) ~[h2-2.4.240.jar:2.4.240]
	at org.h2.command.Parser.readTableOrView(Parser.java:7999) ~[h2-2.4.240.jar:2.4.240]
	at org.h2.command.Parser.readTableOrView(Parser.java:7961) ~[h2-2.4.240.jar:2.4.240]
	at org.h2.command.Parser.parseInsert(Parser.java:1524) ~[h2-2.4.240.jar:2.4.240]
	at org.h2.command.Parser.parsePrepared(Parser.java:701) ~[h2-2.4.240.jar:2.4.240]
	at org.h2.command.Parser.parse(Parser.java:584) ~[h2-2.4.240.jar:2.4.240]
	at org.h2.command.Parser.parse(Parser.java:559) ~[h2-2.4.240.jar:2.4.240]
	at org.h2.command.Parser.prepareCommand(Parser.java:487) ~[h2-2.4.240.jar:2.4.240]
	at org.h2.engine.SessionLocal.prepareLocal(SessionLocal.java:647) ~[h2-2.4.240.jar:2.4.240]
	at org.h2.engine.SessionLocal.prepareCommand(SessionLocal.java:563) ~[h2-2.4.240.jar:2.4.240]
	at org.h2.jdbc.JdbcConnection.prepareCommand(JdbcConnection.java:1160) ~[h2-2.4.240.jar:2.4.240]
	at org.h2.jdbc.JdbcStatement.executeInternal(JdbcStatement.java:245) ~[h2-2.4.240.jar:2.4.240]
	at org.h2.jdbc.JdbcStatement.execute(JdbcStatement.java:231) ~[h2-2.4.240.jar:2.4.240]
	at com.zaxxer.hikari.pool.ProxyStatement.execute(ProxyStatement.java:95) ~[HikariCP-7.0.2.jar:na]
	at com.zaxxer.hikari.pool.HikariProxyStatement.execute(HikariProxyStatement.java) ~[HikariCP-7.0.2.jar:na]
	at org.springframework.jdbc.datasource.init.ScriptUtils.executeSqlScript(ScriptUtils.java:261) ~[spring-jdbc-7.0.5.jar:7.0.5]
	... 118 common frames omitted

2026-02-24T02:49:37.497+05:30  WARN 5376 --- [food-ordering] [           main] o.s.test.context.TestContextManager      : Caught exception while allowing TestExecutionListener [org.springframework.test.context.web.ServletTestExecutionListener] to prepare test instance [com.practice.foodordering.FoodOrderingApplicationTests@6c519e47]

java.lang.IllegalStateException: Failed to load ApplicationContext for [WebMergedContextConfiguration@6fd7aba8 testClass = com.practice.foodordering.FoodOrderingApplicationTests, locations = [], classes = [com.practice.foodordering.FoodOrderingApplication], contextInitializerClasses = [], activeProfiles = [], propertySourceDescriptors = [], propertySourceProperties = ["org.springframework.boot.test.context.SpringBootTestContextBootstrapper=true"], contextCustomizers = [org.springframework.boot.test.context.PropertyMappingContextCustomizer@0, org.springframework.boot.test.context.filter.ExcludeFilterContextCustomizer@51df223b, org.springframework.boot.test.json.DuplicateJsonObjectContextCustomizerFactory$DuplicateJsonObjectContextCustomizer@5b6813df, org.springframework.boot.test.autoconfigure.OnFailureConditionReportContextCustomizerFactory$OnFailureConditionReportContextCustomizer@3ebff828, org.springframework.test.context.support.DynamicPropertiesContextCustomizer@0, org.springframework.boot.webmvc.test.autoconfigure.WebDriverContextCustomizer@5ab14cb9, org.springframework.boot.web.server.context.SpringBootTestRandomPortContextCustomizer@61861a29, org.springframework.boot.test.context.SpringBootTestAnnotation@5c65300], resourceBasePath = "src/main/webapp", contextLoader = org.springframework.boot.test.context.SpringBootContextLoader, parent = null]
	at org.springframework.test.context.cache.DefaultCacheAwareContextLoaderDelegate.lambda$loadContext$0(DefaultCacheAwareContextLoaderDelegate.java:195) ~[spring-test-7.0.5.jar:7.0.5]
	at org.springframework.test.context.cache.DefaultContextCache.put(DefaultContextCache.java:214) ~[spring-test-7.0.5.jar:7.0.5]
	at org.springframework.test.context.cache.DefaultCacheAwareContextLoaderDelegate.loadContext(DefaultCacheAwareContextLoaderDelegate.java:160) ~[spring-test-7.0.5.jar:7.0.5]
	at org.springframework.test.context.support.DefaultTestContext.getApplicationContext(DefaultTestContext.java:128) ~[spring-test-7.0.5.jar:7.0.5]
	at org.springframework.test.context.web.ServletTestExecutionListener.setUpRequestContextIfNecessary(ServletTestExecutionListener.java:200) ~[spring-test-7.0.5.jar:7.0.5]
	at org.springframework.test.context.web.ServletTestExecutionListener.prepareTestInstance(ServletTestExecutionListener.java:139) ~[spring-test-7.0.5.jar:7.0.5]
	at org.springframework.test.context.TestContextManager.prepareTestInstance(TestContextManager.java:260) ~[spring-test-7.0.5.jar:7.0.5]
	at org.springframework.test.context.junit.jupiter.SpringExtension.postProcessTestInstance(SpringExtension.java:210) ~[spring-test-7.0.5.jar:7.0.5]
	at org.junit.jupiter.engine.descriptor.ClassBasedTestDescriptor.lambda$invokeTestInstancePostProcessors$1(ClassBasedTestDescriptor.java:423) ~[junit-jupiter-engine-6.0.3.jar:6.0.3]
	at org.junit.jupiter.engine.descriptor.ClassBasedTestDescriptor.executeAndMaskThrowable(ClassBasedTestDescriptor.java:428) ~[junit-jupiter-engine-6.0.3.jar:6.0.3]
	at org.junit.jupiter.engine.descriptor.ClassBasedTestDescriptor.lambda$invokeTestInstancePostProcessors$0(ClassBasedTestDescriptor.java:422) ~[junit-jupiter-engine-6.0.3.jar:6.0.3]
	at java.base/java.util.stream.ForEachOps$ForEachOp$OfRef.accept(ForEachOps.java:184) ~[na:na]
	at java.base/java.util.stream.ReferencePipeline$3$1.accept(ReferencePipeline.java:197) ~[na:na]
	at java.base/java.util.stream.ReferencePipeline$2$1.accept(ReferencePipeline.java:179) ~[na:na]
	at java.base/java.util.stream.ReferencePipeline$3$1.accept(ReferencePipeline.java:197) ~[na:na]
	at java.base/java.util.ArrayList$ArrayListSpliterator.forEachRemaining(ArrayList.java:1708) ~[na:na]
	at java.base/java.util.stream.AbstractPipeline.copyInto(AbstractPipeline.java:509) ~[na:na]
	at java.base/java.util.stream.AbstractPipeline.wrapAndCopyInto(AbstractPipeline.java:499) ~[na:na]
	at java.base/java.util.stream.ForEachOps$ForEachOp.evaluateSequential(ForEachOps.java:151) ~[na:na]
	at java.base/java.util.stream.ForEachOps$ForEachOp$OfRef.evaluateSequential(ForEachOps.java:174) ~[na:na]
	at java.base/java.util.stream.AbstractPipeline.evaluate(AbstractPipeline.java:234) ~[na:na]
	at java.base/java.util.stream.ReferencePipeline.forEach(ReferencePipeline.java:596) ~[na:na]
	at org.junit.jupiter.engine.descriptor.ClassBasedTestDescriptor.invokeTestInstancePostProcessors(ClassBasedTestDescriptor.java:422) ~[junit-jupiter-engine-6.0.3.jar:6.0.3]
	at org.junit.jupiter.engine.descriptor.ClassBasedTestDescriptor.lambda$instantiateAndPostProcessTestInstance$0(ClassBasedTestDescriptor.java:334) ~[junit-jupiter-engine-6.0.3.jar:6.0.3]
	at org.junit.platform.engine.support.hierarchical.ThrowableCollector.execute(ThrowableCollector.java:74) ~[junit-platform-engine-6.0.3.jar:6.0.3]
	at org.junit.jupiter.engine.descriptor.ClassBasedTestDescriptor.instantiateAndPostProcessTestInstance(ClassBasedTestDescriptor.java:333) ~[junit-jupiter-engine-6.0.3.jar:6.0.3]
	at org.junit.jupiter.engine.descriptor.ClassBasedTestDescriptor.lambda$testInstancesProvider$1(ClassBasedTestDescriptor.java:322) ~[junit-jupiter-engine-6.0.3.jar:6.0.3]
	at java.base/java.util.Optional.orElseGet(Optional.java:364) ~[na:na]
	at org.junit.jupiter.engine.descriptor.ClassBasedTestDescriptor.lambda$testInstancesProvider$0(ClassBasedTestDescriptor.java:321) ~[junit-jupiter-engine-6.0.3.jar:6.0.3]
	at org.junit.jupiter.engine.execution.TestInstancesProvider.getTestInstances(TestInstancesProvider.java:27) ~[junit-jupiter-engine-6.0.3.jar:6.0.3]
	at org.junit.jupiter.engine.descriptor.TestMethodTestDescriptor.lambda$prepare$0(TestMethodTestDescriptor.java:127) ~[junit-jupiter-engine-6.0.3.jar:6.0.3]
	at org.junit.platform.engine.support.hierarchical.ThrowableCollector.execute(ThrowableCollector.java:74) ~[junit-platform-engine-6.0.3.jar:6.0.3]
	at org.junit.jupiter.engine.descriptor.TestMethodTestDescriptor.prepare(TestMethodTestDescriptor.java:126) ~[junit-jupiter-engine-6.0.3.jar:6.0.3]
	at org.junit.jupiter.engine.descriptor.TestMethodTestDescriptor.prepare(TestMethodTestDescriptor.java:70) ~[junit-jupiter-engine-6.0.3.jar:6.0.3]
	at org.junit.platform.engine.support.hierarchical.NodeTestTask.lambda$prepare$0(NodeTestTask.java:144) ~[junit-platform-engine-6.0.3.jar:6.0.3]
	at org.junit.platform.engine.support.hierarchical.ThrowableCollector.execute(ThrowableCollector.java:74) ~[junit-platform-engine-6.0.3.jar:6.0.3]
	at org.junit.platform.engine.support.hierarchical.NodeTestTask.prepare(NodeTestTask.java:144) ~[junit-platform-engine-6.0.3.jar:6.0.3]
	at org.junit.platform.engine.support.hierarchical.NodeTestTask.execute(NodeTestTask.java:110) ~[junit-platform-engine-6.0.3.jar:6.0.3]
	at java.base/java.util.ArrayList.forEach(ArrayList.java:1596) ~[na:na]
	at org.junit.platform.engine.support.hierarchical.SameThreadHierarchicalTestExecutorService.invokeAll(SameThreadHierarchicalTestExecutorService.java:42) ~[junit-platform-engine-6.0.3.jar:6.0.3]
	at org.junit.platform.engine.support.hierarchical.NodeTestTask.lambda$executeRecursively$2(NodeTestTask.java:180) ~[junit-platform-engine-6.0.3.jar:6.0.3]
	at org.junit.platform.engine.support.hierarchical.ThrowableCollector.execute(ThrowableCollector.java:74) ~[junit-platform-engine-6.0.3.jar:6.0.3]
	at org.junit.platform.engine.support.hierarchical.NodeTestTask.lambda$executeRecursively$1(NodeTestTask.java:166) ~[junit-platform-engine-6.0.3.jar:6.0.3]
	at org.junit.platform.engine.support.hierarchical.Node.around(Node.java:138) ~[junit-platform-engine-6.0.3.jar:6.0.3]
	at org.junit.platform.engine.support.hierarchical.NodeTestTask.lambda$executeRecursively$0(NodeTestTask.java:164) ~[junit-platform-engine-6.0.3.jar:6.0.3]
	at org.junit.platform.engine.support.hierarchical.ThrowableCollector.execute(ThrowableCollector.java:74) ~[junit-platform-engine-6.0.3.jar:6.0.3]
	at org.junit.platform.engine.support.hierarchical.NodeTestTask.executeRecursively(NodeTestTask.java:163) ~[junit-platform-engine-6.0.3.jar:6.0.3]
	at org.junit.platform.engine.support.hierarchical.NodeTestTask.execute(NodeTestTask.java:116) ~[junit-platform-engine-6.0.3.jar:6.0.3]
	at java.base/java.util.ArrayList.forEach(ArrayList.java:1596) ~[na:na]
	at org.junit.platform.engine.support.hierarchical.SameThreadHierarchicalTestExecutorService.invokeAll(SameThreadHierarchicalTestExecutorService.java:42) ~[junit-platform-engine-6.0.3.jar:6.0.3]
	at org.junit.platform.engine.support.hierarchical.NodeTestTask.lambda$executeRecursively$2(NodeTestTask.java:180) ~[junit-platform-engine-6.0.3.jar:6.0.3]
	at org.junit.platform.engine.support.hierarchical.ThrowableCollector.execute(ThrowableCollector.java:74) ~[junit-platform-engine-6.0.3.jar:6.0.3]
	at org.junit.platform.engine.support.hierarchical.NodeTestTask.lambda$executeRecursively$1(NodeTestTask.java:166) ~[junit-platform-engine-6.0.3.jar:6.0.3]
	at org.junit.platform.engine.support.hierarchical.Node.around(Node.java:138) ~[junit-platform-engine-6.0.3.jar:6.0.3]
	at org.junit.platform.engine.support.hierarchical.NodeTestTask.lambda$executeRecursively$0(NodeTestTask.java:164) ~[junit-platform-engine-6.0.3.jar:6.0.3]
	at org.junit.platform.engine.support.hierarchical.ThrowableCollector.execute(ThrowableCollector.java:74) ~[junit-platform-engine-6.0.3.jar:6.0.3]
	at org.junit.platform.engine.support.hierarchical.NodeTestTask.executeRecursively(NodeTestTask.java:163) ~[junit-platform-engine-6.0.3.jar:6.0.3]
	at org.junit.platform.engine.support.hierarchical.NodeTestTask.execute(NodeTestTask.java:116) ~[junit-platform-engine-6.0.3.jar:6.0.3]
	at org.junit.platform.engine.support.hierarchical.SameThreadHierarchicalTestExecutorService.submit(SameThreadHierarchicalTestExecutorService.java:36) ~[junit-platform-engine-6.0.3.jar:6.0.3]
	at org.junit.platform.engine.support.hierarchical.HierarchicalTestExecutor.execute(HierarchicalTestExecutor.java:52) ~[junit-platform-engine-6.0.3.jar:6.0.3]
	at org.junit.platform.engine.support.hierarchical.HierarchicalTestEngine.execute(HierarchicalTestEngine.java:58) ~[junit-platform-engine-6.0.3.jar:6.0.3]
	at org.junit.platform.launcher.core.EngineExecutionOrchestrator.executeEngine(EngineExecutionOrchestrator.java:246) ~[junit-platform-launcher-6.0.3.jar:6.0.3]
	at org.junit.platform.launcher.core.EngineExecutionOrchestrator.failOrExecuteEngine(EngineExecutionOrchestrator.java:218) ~[junit-platform-launcher-6.0.3.jar:6.0.3]
	at org.junit.platform.launcher.core.EngineExecutionOrchestrator.execute(EngineExecutionOrchestrator.java:179) ~[junit-platform-launcher-6.0.3.jar:6.0.3]
	at org.junit.platform.launcher.core.EngineExecutionOrchestrator.execute(EngineExecutionOrchestrator.java:108) ~[junit-platform-launcher-6.0.3.jar:6.0.3]
	at org.junit.platform.launcher.core.EngineExecutionOrchestrator.lambda$execute$0(EngineExecutionOrchestrator.java:66) ~[junit-platform-launcher-6.0.3.jar:6.0.3]
	at org.junit.platform.launcher.core.EngineExecutionOrchestrator.withInterceptedStreams(EngineExecutionOrchestrator.java:157) ~[junit-platform-launcher-6.0.3.jar:6.0.3]
	at org.junit.platform.launcher.core.EngineExecutionOrchestrator.execute(EngineExecutionOrchestrator.java:65) ~[junit-platform-launcher-6.0.3.jar:6.0.3]
	at org.junit.platform.launcher.core.DefaultLauncher.execute(DefaultLauncher.java:125) ~[junit-platform-launcher-6.0.3.jar:6.0.3]
	at org.junit.platform.launcher.core.DefaultLauncher.execute(DefaultLauncher.java:114) ~[junit-platform-launcher-6.0.3.jar:6.0.3]
	at org.junit.platform.launcher.core.DelegatingLauncher.execute(DelegatingLauncher.java:58) ~[junit-platform-launcher-6.0.3.jar:6.0.3]
	at org.junit.platform.launcher.core.InterceptingLauncher.lambda$execute$2(InterceptingLauncher.java:57) ~[junit-platform-launcher-6.0.3.jar:6.0.3]
	at org.junit.platform.launcher.core.ClasspathAlignmentCheckingLauncherInterceptor.intercept(ClasspathAlignmentCheckingLauncherInterceptor.java:25) ~[junit-platform-launcher-6.0.3.jar:6.0.3]
	at org.junit.platform.launcher.core.InterceptingLauncher.execute(InterceptingLauncher.java:56) ~[junit-platform-launcher-6.0.3.jar:6.0.3]
	at org.junit.platform.launcher.core.DelegatingLauncher.execute(DelegatingLauncher.java:58) ~[junit-platform-launcher-6.0.3.jar:6.0.3]
	at java.base/jdk.internal.reflect.DirectMethodHandleAccessor.invoke(DirectMethodHandleAccessor.java:103) ~[na:na]
	at java.base/java.lang.reflect.Method.invoke(Method.java:580) ~[na:na]
	at org.apache.maven.surefire.api.util.ReflectionUtils.invokeMethodWithArray(ReflectionUtils.java:125) ~[surefire-api-3.5.4.jar:3.5.4]
	at org.apache.maven.surefire.junitplatform.LauncherAdapter.executeWithCancellationToken(LauncherAdapter.java:68) ~[surefire-junit-platform-3.5.4.jar:3.5.4]
	at org.apache.maven.surefire.junitplatform.LauncherAdapter.execute(LauncherAdapter.java:54) ~[surefire-junit-platform-3.5.4.jar:3.5.4]
	at org.apache.maven.surefire.junitplatform.JUnitPlatformProvider.execute(JUnitPlatformProvider.java:203) ~[surefire-junit-platform-3.5.4.jar:3.5.4]
	at org.apache.maven.surefire.junitplatform.JUnitPlatformProvider.invokeAllTests(JUnitPlatformProvider.java:168) ~[surefire-junit-platform-3.5.4.jar:3.5.4]
	at org.apache.maven.surefire.junitplatform.JUnitPlatformProvider.invoke(JUnitPlatformProvider.java:136) ~[surefire-junit-platform-3.5.4.jar:3.5.4]
	at org.apache.maven.surefire.booter.ForkedBooter.runSuitesInProcess(ForkedBooter.java:385) ~[surefire-booter-3.5.4.jar:3.5.4]
	at org.apache.maven.surefire.booter.ForkedBooter.execute(ForkedBooter.java:162) ~[surefire-booter-3.5.4.jar:3.5.4]
	at org.apache.maven.surefire.booter.ForkedBooter.run(ForkedBooter.java:507) ~[surefire-booter-3.5.4.jar:3.5.4]
	at org.apache.maven.surefire.booter.ForkedBooter.main(ForkedBooter.java:495) ~[surefire-booter-3.5.4.jar:3.5.4]
Caused by: org.springframework.beans.factory.BeanCreationException: Error creating bean with name 'entityManagerFactory' defined in class path resource [org/springframework/boot/hibernate/autoconfigure/HibernateJpaConfiguration.class]: Failed to initialize dependency 'dataSourceScriptDatabaseInitializer' of LoadTimeWeaverAware bean 'entityManagerFactory': Error creating bean with name 'dataSourceScriptDatabaseInitializer' defined in class path resource [org/springframework/boot/jdbc/autoconfigure/DataSourceInitializationAutoConfiguration.class]: Failed to execute SQL script statement #1 of file [C:\Users\dell\practice-project\backend\target\classes\data.sql]: INSERT INTO users (id, phone_or_email, role, password_hash, created_at) VALUES (gen_random_uuid(), 'admin@fooddash.com', 'ADMIN', 'admin123', NOW()) ON CONFLICT (phone_or_email) DO NOTHING
	at org.springframework.beans.factory.support.AbstractBeanFactory.doGetBean(AbstractBeanFactory.java:322) ~[spring-beans-7.0.5.jar:7.0.5]
	at org.springframework.beans.factory.support.AbstractBeanFactory.getBean(AbstractBeanFactory.java:201) ~[spring-beans-7.0.5.jar:7.0.5]
	at org.springframework.context.support.AbstractApplicationContext.finishBeanFactoryInitialization(AbstractApplicationContext.java:977) ~[spring-context-7.0.5.jar:7.0.5]
	at org.springframework.context.support.AbstractApplicationContext.refresh(AbstractApplicationContext.java:621) ~[spring-context-7.0.5.jar:7.0.5]
	at org.springframework.boot.SpringApplication.refresh(SpringApplication.java:756) ~[spring-boot-4.0.3.jar:4.0.3]
	at org.springframework.boot.SpringApplication.refreshContext(SpringApplication.java:445) ~[spring-boot-4.0.3.jar:4.0.3]
	at org.springframework.boot.SpringApplication.run(SpringApplication.java:321) ~[spring-boot-4.0.3.jar:4.0.3]
	at org.springframework.boot.test.context.SpringBootContextLoader.lambda$loadContext$2(SpringBootContextLoader.java:156) ~[spring-boot-test-4.0.3.jar:4.0.3]
	at org.springframework.util.function.ThrowingSupplier.get(ThrowingSupplier.java:58) ~[spring-core-7.0.5.jar:7.0.5]
	at org.springframework.util.function.ThrowingSupplier.get(ThrowingSupplier.java:46) ~[spring-core-7.0.5.jar:7.0.5]
	at org.springframework.boot.SpringApplication.withHook(SpringApplication.java:1465) ~[spring-boot-4.0.3.jar:4.0.3]
	at org.springframework.boot.test.context.SpringBootContextLoader$ContextLoaderHook.run(SpringBootContextLoader.java:605) ~[spring-boot-test-4.0.3.jar:4.0.3]
	at org.springframework.boot.test.context.SpringBootContextLoader.loadContext(SpringBootContextLoader.java:156) ~[spring-boot-test-4.0.3.jar:4.0.3]
	at org.springframework.boot.test.context.SpringBootContextLoader.loadContext(SpringBootContextLoader.java:115) ~[spring-boot-test-4.0.3.jar:4.0.3]
	at org.springframework.test.context.cache.DefaultCacheAwareContextLoaderDelegate.loadContextInternal(DefaultCacheAwareContextLoaderDelegate.java:247) ~[spring-test-7.0.5.jar:7.0.5]
	at org.springframework.test.context.cache.DefaultCacheAwareContextLoaderDelegate.lambda$loadContext$0(DefaultCacheAwareContextLoaderDelegate.java:167) ~[spring-test-7.0.5.jar:7.0.5]
	... 86 common frames omitted
Caused by: org.springframework.beans.factory.BeanCreationException: Error creating bean with name 'dataSourceScriptDatabaseInitializer' defined in class path resource [org/springframework/boot/jdbc/autoconfigure/DataSourceInitializationAutoConfiguration.class]: Failed to execute SQL script statement #1 of file [C:\Users\dell\practice-project\backend\target\classes\data.sql]: INSERT INTO users (id, phone_or_email, role, password_hash, created_at) VALUES (gen_random_uuid(), 'admin@fooddash.com', 'ADMIN', 'admin123', NOW()) ON CONFLICT (phone_or_email) DO NOTHING
	at org.springframework.beans.factory.support.AbstractAutowireCapableBeanFactory.initializeBean(AbstractAutowireCapableBeanFactory.java:1817) ~[spring-beans-7.0.5.jar:7.0.5]
	at org.springframework.beans.factory.support.AbstractAutowireCapableBeanFactory.doCreateBean(AbstractAutowireCapableBeanFactory.java:603) ~[spring-beans-7.0.5.jar:7.0.5]
	at org.springframework.beans.factory.support.AbstractAutowireCapableBeanFactory.createBean(AbstractAutowireCapableBeanFactory.java:525) ~[spring-beans-7.0.5.jar:7.0.5]
	at org.springframework.beans.factory.support.AbstractBeanFactory.lambda$doGetBean$0(AbstractBeanFactory.java:333) ~[spring-beans-7.0.5.jar:7.0.5]
	at org.springframework.beans.factory.support.DefaultSingletonBeanRegistry.getSingleton(DefaultSingletonBeanRegistry.java:371) ~[spring-beans-7.0.5.jar:7.0.5]
	at org.springframework.beans.factory.support.AbstractBeanFactory.doGetBean(AbstractBeanFactory.java:331) ~[spring-beans-7.0.5.jar:7.0.5]
	at org.springframework.beans.factory.support.AbstractBeanFactory.getBean(AbstractBeanFactory.java:196) ~[spring-beans-7.0.5.jar:7.0.5]
	at org.springframework.beans.factory.support.AbstractBeanFactory.doGetBean(AbstractBeanFactory.java:309) ~[spring-beans-7.0.5.jar:7.0.5]
	... 101 common frames omitted
Caused by: org.springframework.jdbc.datasource.init.ScriptStatementFailedException: Failed to execute SQL script statement #1 of file [C:\Users\dell\practice-project\backend\target\classes\data.sql]: INSERT INTO users (id, phone_or_email, role, password_hash, created_at) VALUES (gen_random_uuid(), 'admin@fooddash.com', 'ADMIN', 'admin123', NOW()) ON CONFLICT (phone_or_email) DO NOTHING
	at org.springframework.jdbc.datasource.init.ScriptUtils.executeSqlScript(ScriptUtils.java:293) ~[spring-jdbc-7.0.5.jar:7.0.5]
	at org.springframework.jdbc.datasource.init.ResourceDatabasePopulator.populate(ResourceDatabasePopulator.java:254) ~[spring-jdbc-7.0.5.jar:7.0.5]
	at org.springframework.jdbc.datasource.init.DatabasePopulatorUtils.execute(DatabasePopulatorUtils.java:54) ~[spring-jdbc-7.0.5.jar:7.0.5]
	at org.springframework.boot.jdbc.init.DataSourceScriptDatabaseInitializer.runScripts(DataSourceScriptDatabaseInitializer.java:87) ~[spring-boot-jdbc-4.0.3.jar:4.0.3]
	at org.springframework.boot.sql.init.AbstractScriptDatabaseInitializer.runScripts(AbstractScriptDatabaseInitializer.java:159) ~[spring-boot-sql-4.0.3.jar:4.0.3]
	at org.springframework.boot.sql.init.AbstractScriptDatabaseInitializer.applyScripts(AbstractScriptDatabaseInitializer.java:120) ~[spring-boot-sql-4.0.3.jar:4.0.3]
	at org.springframework.boot.sql.init.AbstractScriptDatabaseInitializer.applyDataScripts(AbstractScriptDatabaseInitializer.java:113) ~[spring-boot-sql-4.0.3.jar:4.0.3]
	at org.springframework.boot.sql.init.AbstractScriptDatabaseInitializer.initializeDatabase(AbstractScriptDatabaseInitializer.java:88) ~[spring-boot-sql-4.0.3.jar:4.0.3]
	at org.springframework.boot.sql.init.AbstractScriptDatabaseInitializer.afterPropertiesSet(AbstractScriptDatabaseInitializer.java:77) ~[spring-boot-sql-4.0.3.jar:4.0.3]
	at org.springframework.beans.factory.support.AbstractAutowireCapableBeanFactory.invokeInitMethods(AbstractAutowireCapableBeanFactory.java:1864) ~[spring-beans-7.0.5.jar:7.0.5]
	at org.springframework.beans.factory.support.AbstractAutowireCapableBeanFactory.initializeBean(AbstractAutowireCapableBeanFactory.java:1813) ~[spring-beans-7.0.5.jar:7.0.5]
	... 108 common frames omitted
Caused by: org.h2.jdbc.JdbcSQLSyntaxErrorException: Table "USERS" not found (this database is empty); SQL statement:
INSERT INTO users (id, phone_or_email, role, password_hash, created_at) VALUES (gen_random_uuid(), 'admin@fooddash.com', 'ADMIN', 'admin123', NOW()) ON CONFLICT (phone_or_email) DO NOTHING [42104-240]
	at org.h2.message.DbException.getJdbcSQLException(DbException.java:514) ~[h2-2.4.240.jar:2.4.240]
	at org.h2.message.DbException.getJdbcSQLException(DbException.java:489) ~[h2-2.4.240.jar:2.4.240]
	at org.h2.message.DbException.get(DbException.java:223) ~[h2-2.4.240.jar:2.4.240]
	at org.h2.message.DbException.get(DbException.java:199) ~[h2-2.4.240.jar:2.4.240]
	at org.h2.command.Parser.getTableOrViewNotFoundDbException(Parser.java:8036) ~[h2-2.4.240.jar:2.4.240]
	at org.h2.command.Parser.getTableOrViewNotFoundDbException(Parser.java:8020) ~[h2-2.4.240.jar:2.4.240]
	at org.h2.command.Parser.readTableOrView(Parser.java:7999) ~[h2-2.4.240.jar:2.4.240]
	at org.h2.command.Parser.readTableOrView(Parser.java:7961) ~[h2-2.4.240.jar:2.4.240]
	at org.h2.command.Parser.parseInsert(Parser.java:1524) ~[h2-2.4.240.jar:2.4.240]
	at org.h2.command.Parser.parsePrepared(Parser.java:701) ~[h2-2.4.240.jar:2.4.240]
	at org.h2.command.Parser.parse(Parser.java:584) ~[h2-2.4.240.jar:2.4.240]
	at org.h2.command.Parser.parse(Parser.java:559) ~[h2-2.4.240.jar:2.4.240]
	at org.h2.command.Parser.prepareCommand(Parser.java:487) ~[h2-2.4.240.jar:2.4.240]
	at org.h2.engine.SessionLocal.prepareLocal(SessionLocal.java:647) ~[h2-2.4.240.jar:2.4.240]
	at org.h2.engine.SessionLocal.prepareCommand(SessionLocal.java:563) ~[h2-2.4.240.jar:2.4.240]
	at org.h2.jdbc.JdbcConnection.prepareCommand(JdbcConnection.java:1160) ~[h2-2.4.240.jar:2.4.240]
	at org.h2.jdbc.JdbcStatement.executeInternal(JdbcStatement.java:245) ~[h2-2.4.240.jar:2.4.240]
	at org.h2.jdbc.JdbcStatement.execute(JdbcStatement.java:231) ~[h2-2.4.240.jar:2.4.240]
	at com.zaxxer.hikari.pool.ProxyStatement.execute(ProxyStatement.java:95) ~[HikariCP-7.0.2.jar:na]
	at com.zaxxer.hikari.pool.HikariProxyStatement.execute(HikariProxyStatement.java) ~[HikariCP-7.0.2.jar:na]
	at org.springframework.jdbc.datasource.init.ScriptUtils.executeSqlScript(ScriptUtils.java:261) ~[spring-jdbc-7.0.5.jar:7.0.5]
	... 118 common frames omitted

[ERROR] Tests run: 1, Failures: 0, Errors: 1, Skipped: 0, Time elapsed: 5.354 s <<< FAILURE! -- in com.practice.foodordering.FoodOrderingApplicationTests
[ERROR] com.practice.foodordering.FoodOrderingApplicationTests.contextLoads -- Time elapsed: 0.046 s <<< ERROR!
java.lang.IllegalStateException: Failed to load ApplicationContext for [WebMergedContextConfiguration@6fd7aba8 testClass = com.practice.foodordering.FoodOrderingApplicationTests, locations = [], classes = [com.practice.foodordering.FoodOrderingApplication], contextInitializerClasses = [], activeProfiles = [], propertySourceDescriptors = [], propertySourceProperties = ["org.springframework.boot.test.context.SpringBootTestContextBootstrapper=true"], contextCustomizers = [org.springframework.boot.test.context.PropertyMappingContextCustomizer@0, org.springframework.boot.test.context.filter.ExcludeFilterContextCustomizer@51df223b, org.springframework.boot.test.json.DuplicateJsonObjectContextCustomizerFactory$DuplicateJsonObjectContextCustomizer@5b6813df, org.springframework.boot.test.autoconfigure.OnFailureConditionReportContextCustomizerFactory$OnFailureConditionReportContextCustomizer@3ebff828, org.springframework.test.context.support.DynamicPropertiesContextCustomizer@0, org.springframework.boot.webmvc.test.autoconfigure.WebDriverContextCustomizer@5ab14cb9, org.springframework.boot.web.server.context.SpringBootTestRandomPortContextCustomizer@61861a29, org.springframework.boot.test.context.SpringBootTestAnnotation@5c65300], resourceBasePath = "src/main/webapp", contextLoader = org.springframework.boot.test.context.SpringBootContextLoader, parent = null]
	at org.springframework.test.context.cache.DefaultCacheAwareContextLoaderDelegate.lambda$loadContext$0(DefaultCacheAwareContextLoaderDelegate.java:195)
	at org.springframework.test.context.cache.DefaultContextCache.put(DefaultContextCache.java:214)
	at org.springframework.test.context.cache.DefaultCacheAwareContextLoaderDelegate.loadContext(DefaultCacheAwareContextLoaderDelegate.java:160)
	at org.springframework.test.context.support.DefaultTestContext.getApplicationContext(DefaultTestContext.java:128)
	at org.springframework.test.context.web.ServletTestExecutionListener.setUpRequestContextIfNecessary(ServletTestExecutionListener.java:200)
	at org.springframework.test.context.web.ServletTestExecutionListener.prepareTestInstance(ServletTestExecutionListener.java:139)
	at org.springframework.test.context.TestContextManager.prepareTestInstance(TestContextManager.java:260)
	at org.springframework.test.context.junit.jupiter.SpringExtension.postProcessTestInstance(SpringExtension.java:210)
	at java.base/java.util.stream.ForEachOps$ForEachOp$OfRef.accept(ForEachOps.java:184)
	at java.base/java.util.stream.ReferencePipeline$3$1.accept(ReferencePipeline.java:197)
	at java.base/java.util.stream.ReferencePipeline$2$1.accept(ReferencePipeline.java:179)
	at java.base/java.util.stream.ReferencePipeline$3$1.accept(ReferencePipeline.java:197)
	at java.base/java.util.ArrayList$ArrayListSpliterator.forEachRemaining(ArrayList.java:1708)
	at java.base/java.util.stream.AbstractPipeline.copyInto(AbstractPipeline.java:509)
	at java.base/java.util.stream.AbstractPipeline.wrapAndCopyInto(AbstractPipeline.java:499)
	at java.base/java.util.stream.ForEachOps$ForEachOp.evaluateSequential(ForEachOps.java:151)
	at java.base/java.util.stream.ForEachOps$ForEachOp$OfRef.evaluateSequential(ForEachOps.java:174)
	at java.base/java.util.stream.AbstractPipeline.evaluate(AbstractPipeline.java:234)
	at java.base/java.util.stream.ReferencePipeline.forEach(ReferencePipeline.java:596)
	at java.base/java.util.Optional.orElseGet(Optional.java:364)
	at java.base/java.util.ArrayList.forEach(ArrayList.java:1596)
	at java.base/java.util.ArrayList.forEach(ArrayList.java:1596)
Caused by: org.springframework.beans.factory.BeanCreationException: Error creating bean with name 'entityManagerFactory' defined in class path resource [org/springframework/boot/hibernate/autoconfigure/HibernateJpaConfiguration.class]: Failed to initialize dependency 'dataSourceScriptDatabaseInitializer' of LoadTimeWeaverAware bean 'entityManagerFactory': Error creating bean with name 'dataSourceScriptDatabaseInitializer' defined in class path resource [org/springframework/boot/jdbc/autoconfigure/DataSourceInitializationAutoConfiguration.class]: Failed to execute SQL script statement #1 of file [C:\Users\dell\practice-project\backend\target\classes\data.sql]: INSERT INTO users (id, phone_or_email, role, password_hash, created_at) VALUES (gen_random_uuid(), 'admin@fooddash.com', 'ADMIN', 'admin123', NOW()) ON CONFLICT (phone_or_email) DO NOTHING
	at org.springframework.beans.factory.support.AbstractBeanFactory.doGetBean(AbstractBeanFactory.java:322)
	at org.springframework.beans.factory.support.AbstractBeanFactory.getBean(AbstractBeanFactory.java:201)
	at org.springframework.context.support.AbstractApplicationContext.finishBeanFactoryInitialization(AbstractApplicationContext.java:977)
	at org.springframework.context.support.AbstractApplicationContext.refresh(AbstractApplicationContext.java:621)
	at org.springframework.boot.SpringApplication.refresh(SpringApplication.java:756)
	at org.springframework.boot.SpringApplication.refreshContext(SpringApplication.java:445)
	at org.springframework.boot.SpringApplication.run(SpringApplication.java:321)
	at org.springframework.boot.test.context.SpringBootContextLoader.lambda$loadContext$2(SpringBootContextLoader.java:156)
	at org.springframework.util.function.ThrowingSupplier.get(ThrowingSupplier.java:58)
	at org.springframework.util.function.ThrowingSupplier.get(ThrowingSupplier.java:46)
	at org.springframework.boot.SpringApplication.withHook(SpringApplication.java:1465)
	at org.springframework.boot.test.context.SpringBootContextLoader$ContextLoaderHook.run(SpringBootContextLoader.java:605)
	at org.springframework.boot.test.context.SpringBootContextLoader.loadContext(SpringBootContextLoader.java:156)
	at org.springframework.boot.test.context.SpringBootContextLoader.loadContext(SpringBootContextLoader.java:115)
	at org.springframework.test.context.cache.DefaultCacheAwareContextLoaderDelegate.loadContextInternal(DefaultCacheAwareContextLoaderDelegate.java:247)
	at org.springframework.test.context.cache.DefaultCacheAwareContextLoaderDelegate.lambda$loadContext$0(DefaultCacheAwareContextLoaderDelegate.java:167)
	... 21 more
Caused by: org.springframework.beans.factory.BeanCreationException: Error creating bean with name 'dataSourceScriptDatabaseInitializer' defined in class path resource [org/springframework/boot/jdbc/autoconfigure/DataSourceInitializationAutoConfiguration.class]: Failed to execute SQL script statement #1 of file [C:\Users\dell\practice-project\backend\target\classes\data.sql]: INSERT INTO users (id, phone_or_email, role, password_hash, created_at) VALUES (gen_random_uuid(), 'admin@fooddash.com', 'ADMIN', 'admin123', NOW()) ON CONFLICT (phone_or_email) DO NOTHING
	at org.springframework.beans.factory.support.AbstractAutowireCapableBeanFactory.initializeBean(AbstractAutowireCapableBeanFactory.java:1817)
	at org.springframework.beans.factory.support.AbstractAutowireCapableBeanFactory.doCreateBean(AbstractAutowireCapableBeanFactory.java:603)
	at org.springframework.beans.factory.support.AbstractAutowireCapableBeanFactory.createBean(AbstractAutowireCapableBeanFactory.java:525)
	at org.springframework.beans.factory.support.AbstractBeanFactory.lambda$doGetBean$0(AbstractBeanFactory.java:333)
	at org.springframework.beans.factory.support.DefaultSingletonBeanRegistry.getSingleton(DefaultSingletonBeanRegistry.java:371)
	at org.springframework.beans.factory.support.AbstractBeanFactory.doGetBean(AbstractBeanFactory.java:331)
	at org.springframework.beans.factory.support.AbstractBeanFactory.getBean(AbstractBeanFactory.java:196)
	at org.springframework.beans.factory.support.AbstractBeanFactory.doGetBean(AbstractBeanFactory.java:309)
	... 36 more
Caused by: org.springframework.jdbc.datasource.init.ScriptStatementFailedException: Failed to execute SQL script statement #1 of file [C:\Users\dell\practice-project\backend\target\classes\data.sql]: INSERT INTO users (id, phone_or_email, role, password_hash, created_at) VALUES (gen_random_uuid(), 'admin@fooddash.com', 'ADMIN', 'admin123', NOW()) ON CONFLICT (phone_or_email) DO NOTHING
	at org.springframework.jdbc.datasource.init.ScriptUtils.executeSqlScript(ScriptUtils.java:293)
	at org.springframework.jdbc.datasource.init.ResourceDatabasePopulator.populate(ResourceDatabasePopulator.java:254)
	at org.springframework.jdbc.datasource.init.DatabasePopulatorUtils.execute(DatabasePopulatorUtils.java:54)
	at org.springframework.boot.jdbc.init.DataSourceScriptDatabaseInitializer.runScripts(DataSourceScriptDatabaseInitializer.java:87)
	at org.springframework.boot.sql.init.AbstractScriptDatabaseInitializer.runScripts(AbstractScriptDatabaseInitializer.java:159)
	at org.springframework.boot.sql.init.AbstractScriptDatabaseInitializer.applyScripts(AbstractScriptDatabaseInitializer.java:120)
	at org.springframework.boot.sql.init.AbstractScriptDatabaseInitializer.applyDataScripts(AbstractScriptDatabaseInitializer.java:113)
	at org.springframework.boot.sql.init.AbstractScriptDatabaseInitializer.initializeDatabase(AbstractScriptDatabaseInitializer.java:88)
	at org.springframework.boot.sql.init.AbstractScriptDatabaseInitializer.afterPropertiesSet(AbstractScriptDatabaseInitializer.java:77)
	at org.springframework.beans.factory.support.AbstractAutowireCapableBeanFactory.invokeInitMethods(AbstractAutowireCapableBeanFactory.java:1864)
	at org.springframework.beans.factory.support.AbstractAutowireCapableBeanFactory.initializeBean(AbstractAutowireCapableBeanFactory.java:1813)
	... 43 more
Caused by: org.h2.jdbc.JdbcSQLSyntaxErrorException: Table "USERS" not found (this database is empty); SQL statement:
INSERT INTO users (id, phone_or_email, role, password_hash, created_at) VALUES (gen_random_uuid(), 'admin@fooddash.com', 'ADMIN', 'admin123', NOW()) ON CONFLICT (phone_or_email) DO NOTHING [42104-240]
	at org.h2.message.DbException.getJdbcSQLException(DbException.java:514)
	at org.h2.message.DbException.getJdbcSQLException(DbException.java:489)
	at org.h2.message.DbException.get(DbException.java:223)
	at org.h2.message.DbException.get(DbException.java:199)
	at org.h2.command.Parser.getTableOrViewNotFoundDbException(Parser.java:8036)
	at org.h2.command.Parser.getTableOrViewNotFoundDbException(Parser.java:8020)
	at org.h2.command.Parser.readTableOrView(Parser.java:7999)
	at org.h2.command.Parser.readTableOrView(Parser.java:7961)
	at org.h2.command.Parser.parseInsert(Parser.java:1524)
	at org.h2.command.Parser.parsePrepared(Parser.java:701)
	at org.h2.command.Parser.parse(Parser.java:584)
	at org.h2.command.Parser.parse(Parser.java:559)
	at org.h2.command.Parser.prepareCommand(Parser.java:487)
	at org.h2.engine.SessionLocal.prepareLocal(SessionLocal.java:647)
	at org.h2.engine.SessionLocal.prepareCommand(SessionLocal.java:563)
	at org.h2.jdbc.JdbcConnection.prepareCommand(JdbcConnection.java:1160)
	at org.h2.jdbc.JdbcStatement.executeInternal(JdbcStatement.java:245)
	at org.h2.jdbc.JdbcStatement.execute(JdbcStatement.java:231)
	at com.zaxxer.hikari.pool.ProxyStatement.execute(ProxyStatement.java:95)
	at com.zaxxer.hikari.pool.HikariProxyStatement.execute(HikariProxyStatement.java)
	at org.springframework.jdbc.datasource.init.ScriptUtils.executeSqlScript(ScriptUtils.java:261)
	... 53 more

[INFO] 
[INFO] Results:
[INFO] 
[ERROR] Errors: 
[ERROR]   FoodOrderingApplicationTests.contextLoads ╗ IllegalState Failed to load ApplicationContext for [WebMergedContextConfiguration@6fd7aba8 testClass = com.practice.foodordering.FoodOrderingApplicationTests, locations = [], classes = [com.practice.foodordering.FoodOrderingApplication], contextInitializerClasses = [], activeProfiles = [], propertySourceDescriptors = [], propertySourceProperties = ["org.springframework.boot.test.context.SpringBootTestContextBootstrapper=true"], contextCustomizers = [org.springframework.boot.test.context.PropertyMappingContextCustomizer@0, org.springframework.boot.test.context.filter.ExcludeFilterContextCustomizer@51df223b, org.springframework.boot.test.json.DuplicateJsonObjectContextCustomizerFactory$DuplicateJsonObjectContextCustomizer@5b6813df, org.springframework.boot.test.autoconfigure.OnFailureConditionReportContextCustomizerFactory$OnFailureConditionReportContextCustomizer@3ebff828, org.springframework.test.context.support.DynamicPropertiesContextCustomizer@0, org.springframework.boot.webmvc.test.autoconfigure.WebDriverContextCustomizer@5ab14cb9, org.springframework.boot.web.server.context.SpringBootTestRandomPortContextCustomizer@61861a29, org.springframework.boot.test.context.SpringBootTestAnnotation@5c65300], resourceBasePath = "src/main/webapp", contextLoader = org.springframework.boot.test.context.SpringBootContextLoader, parent = null]
[INFO] 
[ERROR] Tests run: 1, Failures: 0, Errors: 1, Skipped: 0
[INFO] 
[INFO] ------------------------------------------------------------------------
[INFO] BUILD FAILURE
[INFO] ------------------------------------------------------------------------
[INFO] Total time:  9.765 s
[INFO] Finished at: 2026-02-24T02:49:37+05:30
[INFO] ------------------------------------------------------------------------
[ERROR] Failed to execute goal org.apache.maven.plugins:maven-surefire-plugin:3.5.4:test (default-test) on project food-ordering: 
[ERROR] 
[ERROR] See C:\Users\dell\practice-project\backend\target\surefire-reports for the individual test results.
[ERROR] See dump files (if any exist) [date].dump, [date]-jvmRun[N].dump and [date].dumpstream.
[ERROR] -> [Help 1]
[ERROR] 
[ERROR] To see the full stack trace of the errors, re-run Maven with the -e switch.
[ERROR] Re-run Maven using the -X switch to enable full debug logging.
[ERROR] 
[ERROR] For more information about the errors and possible solutions, please read the following articles:
[ERROR] [Help 1] http://cwiki.apache.org/confluence/display/MAVEN/MojoFailureException
